Component: ARM Compiler 5.06 update 6 (build 750) Tool: armlink [4d35ed]

==============================================================================

Section Cross References

    main.o(i.ButterworthFilter) refers to f2d.o(x$fpl$f2d) for __aeabi_f2d
    main.o(i.ButterworthFilter) refers to dmul.o(x$fpl$dmul) for __aeabi_dmul
    main.o(i.ButterworthFilter) refers to daddsub_clz.o(x$fpl$dadd) for __aeabi_dadd
    main.o(i.ButterworthFilter) refers to d2f.o(x$fpl$d2f) for __aeabi_d2f
    main.o(i.ButterworthFilter) refers to main.o(.data) for v
    main.o(i.GPIO_Config) refers to stm32f4xx_hal_rcc.o(i.HAL_RCC_GetHCLKFreq) for HAL_RCC_GetHCLKFreq
    main.o(i.GPIO_Config) refers to stm32f4xx_hal_cortex.o(i.HAL_SYSTICK_Config) for HAL_SYSTICK_Config
    main.o(i.GPIO_Config) refers to stm32f4xx_hal_cortex.o(i.HAL_SYSTICK_CLKSourceConfig) for HAL_SYSTICK_CLKSourceConfig
    main.o(i.GPIO_Config) refers to stm32f4xx_hal_cortex.o(i.HAL_NVIC_SetPriority) for HAL_NVIC_SetPriority
    main.o(i.I2C1_Config) refers to stm32f4xx_hal_i2c.o(i.HAL_I2C_Init) for HAL_I2C_Init
    main.o(i.I2C1_Config) refers to main.o(.bss) for I2CHandle
    main.o(i.I2C2_Config) refers to stm32f4xx_hal_i2c.o(i.HAL_I2C_Init) for HAL_I2C_Init
    main.o(i.I2C2_Config) refers to main.o(.bss) for myI2Chandle
    main.o(i.IMU_Calc) refers to f2d.o(x$fpl$f2d) for __aeabi_f2d
    main.o(i.IMU_Calc) refers to sqrt.o(i.__hardfp_sqrt) for __hardfp_sqrt
    main.o(i.IMU_Calc) refers to d2f.o(x$fpl$d2f) for __aeabi_d2f
    main.o(i.IMU_Calc) refers to main.o(.data) for IMU_count
    main.o(i.IMU_Check) refers to stm32f4xx_hal_i2c.o(i.HAL_I2C_Master_Transmit) for HAL_I2C_Master_Transmit
    main.o(i.IMU_Check) refers to stm32f4xx_hal_i2c.o(i.HAL_I2C_Master_Receive) for HAL_I2C_Master_Receive
    main.o(i.IMU_Check) refers to main.o(.data) for i2c2Buf
    main.o(i.IMU_Check) refers to main.o(.bss) for myI2Chandle
    main.o(i.IMU_Config) refers to stm32f4xx_hal_i2c.o(i.HAL_I2C_Master_Transmit) for HAL_I2C_Master_Transmit
    main.o(i.IMU_Config) refers to main.o(.data) for i2c2Buf
    main.o(i.IMU_Config) refers to main.o(.bss) for myI2Chandle
    main.o(i.IMU_Read) refers to stm32f4xx_hal_i2c.o(i.HAL_I2C_Master_Transmit) for HAL_I2C_Master_Transmit
    main.o(i.IMU_Read) refers to stm32f4xx_hal_i2c.o(i.HAL_I2C_Master_Receive) for HAL_I2C_Master_Receive
    main.o(i.IMU_Read) refers to dflt_clz.o(x$fpl$dflt) for __aeabi_i2d
    main.o(i.IMU_Read) refers to ddiv.o(x$fpl$ddiv) for __aeabi_ddiv
    main.o(i.IMU_Read) refers to d2f.o(x$fpl$d2f) for __aeabi_d2f
    main.o(i.IMU_Read) refers to main.o(.data) for i2c2Buf
    main.o(i.IMU_Read) refers to main.o(.bss) for myI2Chandle
    main.o(i.IMU_Steps) refers to main.o(.data) for IMU_count
    main.o(i.IMU_Steps) refers to main.o(.bss) for span
    main.o(i.IR_DC_removal) refers to f2d.o(x$fpl$f2d) for __aeabi_f2d
    main.o(i.IR_DC_removal) refers to dmul.o(x$fpl$dmul) for __aeabi_dmul
    main.o(i.IR_DC_removal) refers to dflt_clz.o(x$fpl$dfltu) for __aeabi_ui2d
    main.o(i.IR_DC_removal) refers to daddsub_clz.o(x$fpl$dadd) for __aeabi_dadd
    main.o(i.IR_DC_removal) refers to d2f.o(x$fpl$d2f) for __aeabi_d2f
    main.o(i.IR_DC_removal) refers to main.o(.data) for prev_w_ir
    main.o(i.IR_DC_removal) refers to main.o(.bss) for ir_data_buf
    main.o(i.OXIMETER_READ_SAMPLE) refers to stm32f4xx_hal_i2c.o(i.HAL_I2C_Master_Transmit) for HAL_I2C_Master_Transmit
    main.o(i.OXIMETER_READ_SAMPLE) refers to stm32f4xx_hal_i2c.o(i.HAL_I2C_Master_Receive) for HAL_I2C_Master_Receive
    main.o(i.OXIMETER_READ_SAMPLE) refers to main.o(i.OXI_FIFO_Clear) for OXI_FIFO_Clear
    main.o(i.OXIMETER_READ_SAMPLE) refers to main.o(.data) for OXI_INT_STATUS
    main.o(i.OXIMETER_READ_SAMPLE) refers to main.o(.bss) for I2CHandle
    main.o(i.OXI_Check) refers to stm32f4xx_hal_i2c.o(i.HAL_I2C_Master_Transmit) for HAL_I2C_Master_Transmit
    main.o(i.OXI_Check) refers to stm32f4xx_hal_i2c.o(i.HAL_I2C_Master_Receive) for HAL_I2C_Master_Receive
    main.o(i.OXI_Check) refers to main.o(.data) for OXI_DEVICE_ID
    main.o(i.OXI_Check) refers to main.o(.bss) for I2CHandle
    main.o(i.OXI_FIFO_Clear) refers to stm32f4xx_hal_i2c.o(i.HAL_I2C_Master_Transmit) for HAL_I2C_Master_Transmit
    main.o(i.OXI_FIFO_Clear) refers to main.o(.data) for OXI_FIFO_WR_PTR
    main.o(i.OXI_FIFO_Clear) refers to main.o(.bss) for I2CHandle
    main.o(i.OXI_IR_DSP) refers to main.o(i.IR_DC_removal) for IR_DC_removal
    main.o(i.OXI_IR_DSP) refers to main.o(i.meanfilter) for meanfilter
    main.o(i.OXI_IR_DSP) refers to main.o(i.ButterworthFilter) for ButterworthFilter
    main.o(i.OXI_IR_DSP) refers to main.o(i.OXI_calc) for OXI_calc
    main.o(i.OXI_IR_DSP) refers to main.o(i.OXI_PEAKS) for OXI_PEAKS
    main.o(i.OXI_MODE_Config) refers to stm32f4xx_hal_i2c.o(i.HAL_I2C_Master_Transmit) for HAL_I2C_Master_Transmit
[...]
    ../clib/angel/rt.s                       0x00000000   Number         0  rt_errno_addr.o ABSOLUTE
    ../clib/angel/rt.s                       0x00000000   Number         0  rt_div0.o ABSOLUTE
    ../clib/angel/rt.s                       0x00000000   Number         0  aeabi_ldiv0.o ABSOLUTE
    ../clib/angel/rt.s                       0x00000000   Number         0  aeabi_ldiv0_sigfpe.o ABSOLUTE
    ../clib/angel/scatter.s                  0x00000000   Number         0  __scatter.o ABSOLUTE
    ../clib/angel/startup.s                  0x00000000   Number         0  __main.o ABSOLUTE
    ../clib/angel/sys.s                      0x00000000   Number         0  sys_stackheap_outer.o ABSOLUTE
    ../clib/angel/sys.s                      0x00000000   Number         0  libspace.o ABSOLUTE
    ../clib/angel/sys.s                      0x00000000   Number         0  indicate_semi.o ABSOLUTE
    ../clib/angel/sys.s                      0x00000000   Number         0  use_no_semi.o ABSOLUTE
    ../clib/angel/sysapp.c                   0x00000000   Number         0  sys_command.o ABSOLUTE
    ../clib/angel/sysapp.c                   0x00000000   Number         0  sys_wrch.o ABSOLUTE
    ../clib/angel/sysapp.c                   0x00000000   Number         0  sys_exit.o ABSOLUTE
    ../clib/armsys.c                         0x00000000   Number         0  no_argv.o ABSOLUTE
    ../clib/armsys.c                         0x00000000   Number         0  argv_veneer.o ABSOLUTE
    ../clib/armsys.c                         0x00000000   Number         0  argv_veneer.o ABSOLUTE
    ../clib/armsys.c                         0x00000000   Number         0  _get_argv_nomalloc.o ABSOLUTE
    ../clib/fenv.c                           0x00000000   Number         0  _rserrno.o ABSOLUTE
    ../clib/heapalloc.c                      0x00000000   Number         0  hrguard.o ABSOLUTE
    ../clib/heapaux.c                        0x00000000   Number         0  heapauxi.o ABSOLUTE
    ../clib/libinit.s                        0x00000000   Number         0  libinit.o ABSOLUTE
    ../clib/libinit.s                        0x00000000   Number         0  libinit2.o ABSOLUTE
    ../clib/libinit.s                        0x00000000   Number         0  libshutdown2.o ABSOLUTE
    ../clib/libinit.s                        0x00000000   Number         0  libshutdown.o ABSOLUTE
    ../clib/longlong.s                       0x00000000   Number         0  lludivv7m.o ABSOLUTE
    ../clib/signal.c                         0x00000000   Number         0  __raise.o ABSOLUTE
    ../clib/signal.c                         0x00000000   Number         0  defsig_general.o ABSOLUTE
    ../clib/signal.c                         0x00000000   Number         0  defsig_exit.o ABSOLUTE
    ../clib/signal.c                         0x00000000   Number         0  defsig_fpe_outer.o ABSOLUTE
    ../clib/signal.c                         0x00000000   Number         0  defsig_other.o ABSOLUTE
    ../clib/signal.c                         0x00000000   Number         0  defsig_segv_inner.o ABSOLUTE
    ../clib/signal.c                         0x00000000   Number         0  defsig_cppl_inner.o ABSOLUTE
    ../clib/signal.c                         0x00000000   Number         0  defsig_stak_inner.o ABSOLUTE
    ../clib/signal.c                         0x00000000   Number         0  defsig_rtmem_formal.o ABSOLUTE
    ../clib/signal.c                         0x00000000   Number         0  defsig_rtmem_outer.o ABSOLUTE
    ../clib/signal.c                         0x00000000   Number         0  defsig_rtred_inner.o ABSOLUTE
    ../clib/signal.c                         0x00000000   Number         0  defsig_abrt_inner.o ABSOLUTE
    ../clib/signal.c                         0x00000000   Number         0  defsig_pvfn_inner.o ABSOLUTE
    ../clib/signal.c                         0x00000000   Number         0  defsig_fpe_formal.o ABSOLUTE
    ../clib/signal.c                         0x00000000   Number         0  defsig_rtmem_inner.o ABSOLUTE
    ../clib/signal.c                         0x00000000   Number         0  defsig_fpe_inner.o ABSOLUTE
    ../clib/signal.s                         0x00000000   Number         0  defsig.o ABSOLUTE
    ../clib/stdlib.c                         0x00000000   Number         0  exit.o ABSOLUTE
    ../fplib/basic.s                         0x00000000   Number         0  basic.o ABSOLUTE
    ../fplib/d2f.s                           0x00000000   Number         0  d2f.o ABSOLUTE
    ../fplib/daddsub.s                       0x00000000   Number         0  daddsub_clz.o ABSOLUTE
    ../fplib/dcmpi.s                         0x00000000   Number         0  dcmpi.o ABSOLUTE
    ../fplib/ddiv.s                          0x00000000   Number         0  ddiv.o ABSOLUTE
    ../fplib/deqf.s                          0x00000000   Number         0  deqf.o ABSOLUTE
    ../fplib/dfix.s                          0x00000000   Number         0  dfix.o ABSOLUTE
    ../fplib/dflt.s                          0x00000000   Number         0  dflt_clz.o ABSOLUTE
    ../fplib/dleqf.s                         0x00000000   Number         0  dleqf.o ABSOLUTE
    ../fplib/dmul.s                          0x00000000   Number         0  dmul.o ABSOLUTE
    ../fplib/dnaninf.s                       0x00000000   Number         0  dnaninf.o ABSOLUTE
    ../fplib/dretinf.s                       0x00000000   Number         0  dretinf.o ABSOLUTE
    ../fplib/dsqrt.s                         0x00000000   Number         0  dsqrt_umaal.o ABSOLUTE
    ../fplib/f2d.s                           0x00000000   Number         0  f2d.o ABSOLUTE
    ../fplib/fnaninf.s                       0x00000000   Number         0  fnaninf.o ABSOLUTE
    ../fplib/fpinit.s                        0x00000000   Number         0  fpinit.o ABSOLUTE
    ../fplib/fretinf.s                       0x00000000   Number         0  fretinf.o ABSOLUTE
    ../fplib/usenofp.s                       0x00000000   Number         0  usenofp.o ABSOLUTE
    ../mathlib/dunder.c                      0x00000000   Number         0  dunder.o ABSOLUTE
    ../mathlib/log.c                         0x00000000   Number         0  log.o ABSOLUTE
    ../mathlib/log.c                         0x00000000   Number         0  log_x.o ABSOLUTE
    ../mathlib/poly.c                        0x00000000   Number         0  poly.o ABSOLUTE
    ../mathlib/qnan.c                        0x00000000   Number         0  qnan.o ABSOLUTE
    ../mathlib/sqrt.c                        0x00000000   Number         0  sqrt_x.o ABSOLUTE
    ../mathlib/sqrt.c                        0x00000000   Number         0  sqrt.o ABSOLUTE
    C:\Users\Sumukh Nitundil\AppData\Local\Arm\Packs\Keil\STM32F4xx_DFP\2.14.0\Drivers\STM32F4xx_HAL_Driver\Src\stm32f4xx_hal.c 0x00000000   Number         0  stm32f4xx_hal.o ABSOLUTE
    C:\Users\Sumukh Nitundil\AppData\Local\Arm\Packs\Keil\STM32F4xx_DFP\2.14.0\Drivers\STM32F4xx_HAL_Driver\Src\stm32f4xx_hal_cortex.c 0x00000000   Number         0  stm32f4xx_hal_cortex.o ABSOLUTE
    C:\Users\Sumukh Nitundil\AppData\Local\Arm\Packs\Keil\STM32F4xx_DFP\2.14.0\Drivers\STM32F4xx_HAL_Driver\Src\stm32f4xx_hal_dma.c 0x00000000   Number         0  stm32f4xx_hal_dma.o ABSOLUTE
    C:\Users\Sumukh Nitundil\AppData\Local\Arm\Packs\Keil\STM32F4xx_DFP\2.14.0\Drivers\STM32F4xx_HAL_Driver\Src\stm32f4xx_hal_dma_ex.c 0x00000000   Number         0  stm32f4xx_hal_dma_ex.o ABSOLUTE
    C:\Users\Sumukh Nitundil\AppData\Local\Arm\Packs\Keil\STM32F4xx_DFP\2.14.0\Drivers\STM32F4xx_HAL_Driver\Src\stm32f4xx_hal_gpio.c 0x00000000   Number         0  stm32f4xx_hal_gpio.o ABSOLUTE
    C:\Users\Sumukh Nitundil\AppData\Local\Arm\Packs\Keil\STM32F4xx_DFP\2.14.0\Drivers\STM32F4xx_HAL_Driver\Src\stm32f4xx_hal_i2c.c 0x00000000   Number         0  stm32f4xx_hal_i2c.o ABSOLUTE
    C:\Users\Sumukh Nitundil\AppData\Local\Arm\Packs\Keil\STM32F4xx_DFP\2.14.0\Drivers\STM32F4xx_HAL_Driver\Src\stm32f4xx_hal_pwr.c 0x00000000   Number         0  stm32f4xx_hal_pwr.o ABSOLUTE
    C:\Users\Sumukh Nitundil\AppData\Local\Arm\Packs\Keil\STM32F4xx_DFP\2.14.0\Drivers\STM32F4xx_HAL_Driver\Src\stm32f4xx_hal_pwr_ex.c 0x00000000   Number         0  stm32f4xx_hal_pwr_ex.o ABSOLUTE
    C:\Users\Sumukh Nitundil\AppData\Local\Arm\Packs\Keil\STM32F4xx_DFP\2.14.0\Drivers\STM32F4xx_HAL_Driver\Src\stm32f4xx_hal_rcc.c 0x00000000   Number         0  stm32f4xx_hal_rcc.o ABSOLUTE
    C:\Users\Sumukh Nitundil\AppData\Local\Arm\Packs\Keil\STM32F4xx_DFP\2.14.0\Drivers\STM32F4xx_HAL_Driver\Src\stm32f4xx_hal_rcc_ex.c 0x00000000   Number         0  stm32f4xx_hal_rcc_ex.o ABSOLUTE
    C:\\Users\\Sumukh Nitundil\\AppData\\Local\\Arm\\Packs\\Keil\\STM32F4xx_DFP\\2.14.0\\Drivers\\STM32F4xx_HAL_Driver\\Src\\stm32f4xx_hal.c 0x00000000   Number         0  stm32f4xx_hal.o ABSOLUTE
    C:\\Users\\Sumukh Nitundil\\AppData\\Local\\Arm\\Packs\\Keil\\STM32F4xx_DFP\\2.14.0\\Drivers\\STM32F4xx_HAL_Driver\\Src\\stm32f4xx_hal_cortex.c 0x00000000   Number         0  stm32f4xx_hal_cortex.o ABSOLUTE
    C:\\Users\\Sumukh Nitundil\\AppData\\Local\\Arm\\Packs\\Keil\\STM32F4xx_DFP\\2.14.0\\Drivers\\STM32F4xx_HAL_Driver\\Src\\stm32f4xx_hal_dma.c 0x00000000   Number         0  stm32f4xx_hal_dma.o ABSOLUTE
    C:\\Users\\Sumukh Nitundil\\AppData\\Local\\Arm\\Packs\\Keil\\STM32F4xx_DFP\\2.14.0\\Drivers\\STM32F4xx_HAL_Driver\\Src\\stm32f4xx_hal_dma_ex.c 0x00000000   Number         0  stm32f4xx_hal_dma_ex.o ABSOLUTE
    C:\\Users\\Sumukh Nitundil\\AppData\\Local\\Arm\\Packs\\Keil\\STM32F4xx_DFP\\2.14.0\\Drivers\\STM32F4xx_HAL_Driver\\Src\\stm32f4xx_hal_gpio.c 0x00000000   Number         0  stm32f4xx_hal_gpio.o ABSOLUTE
    C:\\Users\\Sumukh Nitundil\\AppData\\Local\\Arm\\Packs\\Keil\\STM32F4xx_DFP\\2.14.0\\Drivers\\STM32F4xx_HAL_Driver\\Src\\stm32f4xx_hal_i2c.c 0x00000000   Number         0  stm32f4xx_hal_i2c.o ABSOLUTE
    C:\\Users\\Sumukh Nitundil\\AppData\\Local\\Arm\\Packs\\Keil\\STM32F4xx_DFP\\2.14.0\\Drivers\\STM32F4xx_HAL_Driver\\Src\\stm32f4xx_hal_pwr.c 0x00000000   Number         0  stm32f4xx_hal_pwr.o ABSOLUTE
    C:\\Users\\Sumukh Nitundil\\AppData\\Local\\Arm\\Packs\\Keil\\STM32F4xx_DFP\\2.14.0\\Drivers\\STM32F4xx_HAL_Driver\\Src\\stm32f4xx_hal_pwr_ex.c 0x00000000   Number         0  stm32f4xx_hal_pwr_ex.o ABSOLUTE
    C:\\Users\\Sumukh Nitundil\\AppData\\Local\\Arm\\Packs\\Keil\\STM32F4xx_DFP\\2.14.0\\Drivers\\STM32F4xx_HAL_Driver\\Src\\stm32f4xx_hal_rcc.c 0x00000000   Number         0  stm32f4xx_hal_rcc.o ABSOLUTE
    C:\\Users\\Sumukh Nitundil\\AppData\\Local\\Arm\\Packs\\Keil\\STM32F4xx_DFP\\2.14.0\\Drivers\\STM32F4xx_HAL_Driver\\Src\\stm32f4xx_hal_rcc_ex.c 0x00000000   Number         0  stm32f4xx_hal_rcc_ex.o ABSOLUTE
    RTE\Device\STM32F407VGTx\startup_stm32f407xx.s 0x00000000   Number         0  startup_stm32f407xx.o ABSOLUTE
    RTE\Device\STM32F407VGTx\system_stm32f4xx.c 0x00000000   Number         0  system_stm32f4xx.o ABSOLUTE
    RTE\\Device\\STM32F407VGTx\\system_stm32f4xx.c 0x00000000   Number         0  system_stm32f4xx.o ABSOLUTE
    dc.s                                     0x00000000   Number         0  dc.o ABSOLUTE
    main.c                                   0x00000000   Number         0  main.o ABSOLUTE
    main.c                                   0x00000000   Number         0  main.o ABSOLUTE
    RESET                                    0x08000000   Section      392  startup_stm32f407xx.o(RESET)
    !!!main                                  0x08000188   Section        8  __main.o(!!!main)
    !!!scatter                               0x08000190   Section       52  __scatter.o(!!!scatter)
    !!dczerorl                               0x080001c4   Section       58  __dczerorl.o(!!dczerorl)
    !!handler_zi                             0x08000200   Section       28  __scatter_zi.o(!!handler_zi)
    .ARM.Collect$$libinit$$00000000          0x0800021c   Section        2  libinit.o(.ARM.Collect$$libinit$$00000000)
    .ARM.Collect$$libinit$$00000001          0x0800021e   Section        4  libinit2.o(.ARM.Collect$$libinit$$00000001)
    .ARM.Collect$$libinit$$00000004          0x08000222   Section        0  libinit2.o(.ARM.Collect$$libinit$$00000004)
    .ARM.Collect$$libinit$$0000000A          0x08000222   Section        0  libinit2.o(.ARM.Collect$$libinit$$0000000A)
    .ARM.Collect$$libinit$$0000000C          0x08000222   Section        0  libinit2.o(.ARM.Collect$$libinit$$0000000C)
    .ARM.Collect$$libinit$$0000000E          0x08000222   Section        0  libinit2.o(.ARM.Collect$$libinit$$0000000E)
    .ARM.Collect$$libinit$$00000011          0x08000222   Section        0  libinit2.o(.ARM.Collect$$libinit$$00000011)
    .ARM.Collect$$libinit$$00000013          0x08000222   Section        0  libinit2.o(.ARM.Collect$$libinit$$00000013)
    .ARM.Collect$$libinit$$00000015          0x08000222   Section        0  libinit2.o(.ARM.Collect$$libinit$$00000015)
    .ARM.Collect$$libinit$$00000017          0x08000222   Section        0  libinit2.o(.ARM.Collect$$libinit$$00000017)
    .ARM.Collect$$libinit$$00000019          0x08000222   Section        0  libinit2.o(.ARM.Collect$$libinit$$00000019)
    .ARM.Collect$$libinit$$0000001B          0x08000222   Section        0  libinit2.o(.ARM.Collect$$libinit$$0000001B)
    .ARM.Collect$$libinit$$0000001D          0x08000222   Section        0  libinit2.o(.ARM.Collect$$libinit$$0000001D)
    .ARM.Collect$$libinit$$0000001F          0x08000222   Section        0  libinit2.o(.ARM.Collect$$libinit$$0000001F)
    .ARM.Collect$$libinit$$00000021          0x08000222   Section        0  libinit2.o(.ARM.Collect$$libinit$$00000021)
    .ARM.Collect$$libinit$$00000023          0x08000222   Section        0  libinit2.o(.ARM.Collect$$libinit$$00000023)
    .ARM.Collect$$libinit$$00000025          0x08000222   Section        0  libinit2.o(.ARM.Collect$$libinit$$00000025)
    .ARM.Collect$$libinit$$0000002C          0x08000222   Section        0  libinit2.o(.ARM.Collect$$libinit$$0000002C)
    .ARM.Collect$$libinit$$0000002E          0x08000222   Section        0  libinit2.o(.ARM.Collect$$libinit$$0000002E)
    .ARM.Collect$$libinit$$00000030          0x08000222   Section        0  libinit2.o(.ARM.Collect$$libinit$$00000030)
    .ARM.Collect$$libinit$$00000032          0x08000222   Section        0  libinit2.o(.ARM.Collect$$libinit$$00000032)
    .ARM.Collect$$libinit$$00000033          0x08000222   Section        2  libinit2.o(.ARM.Collect$$libinit$$00000033)
    .ARM.Collect$$libshutdown$$00000000      0x08000224   Section        2  libshutdown.o(.ARM.Collect$$libshutdown$$00000000)
    .ARM.Collect$$libshutdown$$00000002      0x08000226   Section        0  libshutdown2.o(.ARM.Collect$$libshutdown$$00000002)
    .ARM.Collect$$libshutdown$$00000004      0x08000226   Section        0  libshutdown2.o(.ARM.Collect$$libshutdown$$00000004)
    .ARM.Collect$$libshutdown$$00000007      0x08000226   Section        0  libshutdown2.o(.ARM.Collect$$libshutdown$$00000007)
    .ARM.Collect$$libshutdown$$0000000A      0x08000226   Section        0  libshutdown2.o(.ARM.Collect$$libshutdown$$0000000A)
    .ARM.Collect$$libshutdown$$0000000C      0x08000226   Section        0  libshutdown2.o(.ARM.Collect$$libshutdown$$0000000C)
    .ARM.Collect$$libshutdown$$0000000F      0x08000226   Section        0  libshutdown2.o(.ARM.Collect$$libshutdown$$0000000F)
    .ARM.Collect$$libshutdown$$00000010      0x08000226   Section        2  libshutdown2.o(.ARM.Collect$$libshutdown$$00000010)
    .ARM.Collect$$rtentry$$00000000          0x08000228   Section        0  __rtentry.o(.ARM.Collect$$rtentry$$00000000)
    .ARM.Collect$$rtentry$$00000002          0x08000228   Section        0  __rtentry2.o(.ARM.Collect$$rtentry$$00000002)
    .ARM.Collect$$rtentry$$00000004          0x08000228   Section        6  __rtentry4.o(.ARM.Collect$$rtentry$$00000004)
    .ARM.Collect$$rtentry$$00000009          0x0800022e   Section        0  __rtentry2.o(.ARM.Collect$$rtentry$$00000009)
    .ARM.Collect$$rtentry$$0000000A          0x0800022e   Section        4  __rtentry2.o(.ARM.Collect$$rtentry$$0000000A)
    .ARM.Collect$$rtentry$$0000000C          0x08000232   Section        0  __rtentry2.o(.ARM.Collect$$rtentry$$0000000C)
    .ARM.Collect$$rtentry$$0000000D          0x08000232   Section        8  __rtentry2.o(.ARM.Collect$$rtentry$$0000000D)
    .ARM.Collect$$rtexit$$00000000           0x0800023a   Section        2  rtexit.o(.ARM.Collect$$rtexit$$00000000)
    .ARM.Collect$$rtexit$$00000002           0x0800023c   Section        0  rtexit2.o(.ARM.Collect$$rtexit$$00000002)
    .ARM.Collect$$rtexit$$00000003           0x0800023c   Section        4  rtexit2.o(.ARM.Collect$$rtexit$$00000003)
    .ARM.Collect$$rtexit$$00000004           0x08000240   Section        6  rtexit2.o(.ARM.Collect$$rtexit$$00000004)
    .text                                    0x08000248   Section       64  startup_stm32f407xx.o(.text)
    $v0                                      0x08000248   Number         0  startup_stm32f407xx.o(.text)
    .text                                    0x08000288   Section        0  heapauxi.o(.text)
    .text                                    0x0800028e   Section        0  _rserrno.o(.text)
    .text                                    0x080002a4   Section        8  rt_errno_addr_intlibspace.o(.text)
    .text                                    0x080002ac   Section        8  libspace.o(.text)
    .text                                    0x080002b4   Section       74  sys_stackheap_outer.o(.text)
    .text                                    0x080002fe   Section        0  exit.o(.text)
    .text                                    0x08000310   Section        0  sys_exit.o(.text)
    .text                                    0x0800031c   Section        2  use_no_semi.o(.text)
    .text                                    0x0800031e   Section        0  indicate_semi.o(.text)
    i.ButterworthFilter                      0x08000320   Section        0  main.o(i.ButterworthFilter)
    i.GPIO_Config                            0x080003b8   Section        0  main.o(i.GPIO_Config)
    i.HAL_GetTick                            0x08000590   Section        0  stm32f4xx_hal.o(i.HAL_GetTick)
    i.HAL_I2C_Init                           0x0800059c   Section        0  stm32f4xx_hal_i2c.o(i.HAL_I2C_Init)
    i.HAL_I2C_Master_Receive                 0x08000754   Section        0  stm32f4xx_hal_i2c.o(i.HAL_I2C_Master_Receive)
    i.HAL_I2C_Master_Transmit                0x08000a4c   Section        0  stm32f4xx_hal_i2c.o(i.HAL_I2C_Master_Transmit)
    i.HAL_I2C_MspInit                        0x08000bbc   Section        0  stm32f4xx_hal_i2c.o(i.HAL_I2C_MspInit)
    i.HAL_IncTick                            0x08000bc0   Section        0  stm32f4xx_hal.o(i.HAL_IncTick)
    i.HAL_Init                               0x08000bd8   Section        0  stm32f4xx_hal.o(i.HAL_Init)
    i.HAL_InitTick                           0x08000c08   Section        0  stm32f4xx_hal.o(i.HAL_InitTick)
    i.HAL_MspInit                            0x08000c54   Section        0  stm32f4xx_hal.o(i.HAL_MspInit)
    i.HAL_NVIC_SetPriority                   0x08000c56   Section        0  stm32f4xx_hal_cortex.o(i.HAL_NVIC_SetPriority)
    i.HAL_NVIC_SetPriorityGrouping           0x08000cd4   Section        0  stm32f4xx_hal_cortex.o(i.HAL_NVIC_SetPriorityGrouping)
    i.HAL_RCC_GetHCLKFreq                    0x08000cfc   Section        0  stm32f4xx_hal_rcc.o(i.HAL_RCC_GetHCLKFreq)
    i.HAL_RCC_GetPCLK1Freq                   0x08000d08   Section        0  stm32f4xx_hal_rcc.o(i.HAL_RCC_GetPCLK1Freq)
    i.HAL_SYSTICK_CLKSourceConfig            0x08000d28   Section        0  stm32f4xx_hal_cortex.o(i.HAL_SYSTICK_CLKSourceConfig)
    i.HAL_SYSTICK_Callback                   0x08000d50   Section        0  stm32f4xx_hal_cortex.o(i.HAL_SYSTICK_Callback)
    i.HAL_SYSTICK_Config                     0x08000d52   Section        0  stm32f4xx_hal_cortex.o(i.HAL_SYSTICK_Config)
    i.HAL_SYSTICK_IRQHandler                 0x08000d86   Section        0  stm32f4xx_hal_cortex.o(i.HAL_SYSTICK_IRQHandler)
    i.I2C1_Config                            0x08000d90   Section        0  main.o(i.I2C1_Config)
    i.I2C2_Config                            0x08000dec   Section        0  main.o(i.I2C2_Config)
    i.I2C_IsAcknowledgeFailed                0x08000e48   Section        0  stm32f4xx_hal_i2c.o(i.I2C_IsAcknowledgeFailed)
    I2C_IsAcknowledgeFailed                  0x08000e49   Thumb Code    62  stm32f4xx_hal_i2c.o(i.I2C_IsAcknowledgeFailed)
    i.I2C_MasterRequestRead                  0x08000e88   Section        0  stm32f4xx_hal_i2c.o(i.I2C_MasterRequestRead)
    I2C_MasterRequestRead                    0x08000e89   Thumb Code   268  stm32f4xx_hal_i2c.o(i.I2C_MasterRequestRead)
    i.I2C_MasterRequestWrite                 0x08000f98   Section        0  stm32f4xx_hal_i2c.o(i.I2C_MasterRequestWrite)
    I2C_MasterRequestWrite                   0x08000f99   Thumb Code   166  stm32f4xx_hal_i2c.o(i.I2C_MasterRequestWrite)
    i.I2C_WaitOnBTFFlagUntilTimeout          0x08001044   Section        0  stm32f4xx_hal_i2c.o(i.I2C_WaitOnBTFFlagUntilTimeout)
    I2C_WaitOnBTFFlagUntilTimeout            0x08001045   Thumb Code    92  stm32f4xx_hal_i2c.o(i.I2C_WaitOnBTFFlagUntilTimeout)
    i.I2C_WaitOnFlagUntilTimeout             0x080010a0   Section        0  stm32f4xx_hal_i2c.o(i.I2C_WaitOnFlagUntilTimeout)
    I2C_WaitOnFlagUntilTimeout               0x080010a1   Thumb Code   134  stm32f4xx_hal_i2c.o(i.I2C_WaitOnFlagUntilTimeout)
    i.I2C_WaitOnMasterAddressFlagUntilTimeout 0x08001126   Section        0  stm32f4xx_hal_i2c.o(i.I2C_WaitOnMasterAddressFlagUntilTimeout)
    I2C_WaitOnMasterAddressFlagUntilTimeout  0x08001127   Thumb Code   196  stm32f4xx_hal_i2c.o(i.I2C_WaitOnMasterAddressFlagUntilTimeout)
    i.I2C_WaitOnRXNEFlagUntilTimeout         0x080011ea   Section        0  stm32f4xx_hal_i2c.o(i.I2C_WaitOnRXNEFlagUntilTimeout)
    I2C_WaitOnRXNEFlagUntilTimeout           0x080011eb   Thumb Code   128  stm32f4xx_hal_i2c.o(i.I2C_WaitOnRXNEFlagUntilTimeout)
    i.I2C_WaitOnTXEFlagUntilTimeout          0x0800126a   Section        0  stm32f4xx_hal_i2c.o(i.I2C_WaitOnTXEFlagUntilTimeout)
    I2C_WaitOnTXEFlagUntilTimeout            0x0800126b   Thumb Code    92  stm32f4xx_hal_i2c.o(i.I2C_WaitOnTXEFlagUntilTimeout)
    i.IMU_Calc                               0x080012c8   Section        0  main.o(i.IMU_Calc)
    i.IMU_Check                              0x080013d8   Section        0  main.o(i.IMU_Check)
    i.IMU_Config                             0x08001414   Section        0  main.o(i.IMU_Config)
    i.IMU_Read                               0x080014a4   Section        0  main.o(i.IMU_Read)
    i.IMU_Steps                              0x080015b4   Section        0  main.o(i.IMU_Steps)
    i.IR_DC_removal                          0x08001800   Section        0  main.o(i.IR_DC_removal)
    i.OXIMETER_READ_SAMPLE                   0x080018d0   Section        0  main.o(i.OXIMETER_READ_SAMPLE)
    i.OXI_Check                              0x08001960   Section        0  main.o(i.OXI_Check)
    i.OXI_FIFO_Clear                         0x08001990   Section        0  main.o(i.OXI_FIFO_Clear)
    i.OXI_IR_DSP                             0x080019b8   Section        0  main.o(i.OXI_IR_DSP)
    i.OXI_MODE_Config                        0x080019d0   Section        0  main.o(i.OXI_MODE_Config)
    i.OXI_PEAKS                              0x08001a74   Section        0  main.o(i.OXI_PEAKS)
    i.OXI_R_DSP                              0x08001d2c   Section        0  main.o(i.OXI_R_DSP)
    i.OXI_calc                               0x08001d38   Section        0  main.o(i.OXI_calc)
    i.R_Calc                                 0x08001e0c   Section        0  main.o(i.R_Calc)
    i.R_DC_Removal                           0x08001fac   Section        0  main.o(i.R_DC_Removal)
    i.SER_PutChar                            0x08002038   Section        0  main.o(i.SER_PutChar)
    i.SysTick_Handler                        0x08002060   Section        0  main.o(i.SysTick_Handler)
    i.SystemInit                             0x0800207c   Section        0  system_stm32f4xx.o(i.SystemInit)
    i.UART4_IRQHandler                       0x080020e0   Section        0  main.o(i.UART4_IRQHandler)
    i.__NVIC_GetPriorityGrouping             0x08002150   Section        0  stm32f4xx_hal_cortex.o(i.__NVIC_GetPriorityGrouping)
    __NVIC_GetPriorityGrouping               0x08002151   Thumb Code    10  stm32f4xx_hal_cortex.o(i.__NVIC_GetPriorityGrouping)
    i.__NVIC_SetPriority                     0x08002160   Section        0  stm32f4xx_hal_cortex.o(i.__NVIC_SetPriority)
    __NVIC_SetPriority                       0x08002161   Thumb Code    32  stm32f4xx_hal_cortex.o(i.__NVIC_SetPriority)
    i.__hardfp_log                           0x08002188   Section        0  log.o(i.__hardfp_log)
    i.__hardfp_sqrt                          0x0800254c   Section        0  sqrt.o(i.__hardfp_sqrt)
    i.__kernel_poly                          0x080025c6   Section        0  poly.o(i.__kernel_poly)
    i.__mathlib_dbl_divzero                  0x080026c0   Section        0  dunder.o(i.__mathlib_dbl_divzero)
    i.__mathlib_dbl_infnan                   0x080026f0   Section        0  dunder.o(i.__mathlib_dbl_infnan)
    i.__mathlib_dbl_invalid                  0x08002708   Section        0  dunder.o(i.__mathlib_dbl_invalid)
    i.main                                   0x08002728   Section        0  main.o(i.main)
    i.meanfilter                             0x08002774   Section        0  main.o(i.meanfilter)
    i.oxi_setup                              0x080027d0   Section        0  main.o(i.oxi_setup)
    x$fpl$basic                              0x080027e0   Section       24  basic.o(x$fpl$basic)
    $v0                                      0x080027e0   Number         0  basic.o(x$fpl$basic)
    x$fpl$d2f                                0x080027f8   Section       98  d2f.o(x$fpl$d2f)
    $v0                                      0x080027f8   Number         0  d2f.o(x$fpl$d2f)
    x$fpl$dadd                               0x0800285c   Section      336  daddsub_clz.o(x$fpl$dadd)
    $v0                                      0x0800285c   Number         0  daddsub_clz.o(x$fpl$dadd)
    _dadd1                                   0x0800286d   Thumb Code     0  daddsub_clz.o(x$fpl$dadd)
    x$fpl$dcmpinf                            0x080029ac   Section       24  dcmpi.o(x$fpl$dcmpinf)
    $v0                                      0x080029ac   Number         0  dcmpi.o(x$fpl$dcmpinf)
    x$fpl$ddiv                               0x080029c4   Section      688  ddiv.o(x$fpl$ddiv)
    $v0                                      0x080029c4   Number         0  ddiv.o(x$fpl$ddiv)
    ddiv_entry                               0x080029cb   Thumb Code     0  ddiv.o(x$fpl$ddiv)
    x$fpl$deqf                               0x08002c74   Section      120  deqf.o(x$fpl$deqf)
    $v0                                      0x08002c74   Number         0  deqf.o(x$fpl$deqf)
    x$fpl$dfix                               0x08002cec   Section       94  dfix.o(x$fpl$dfix)
    $v0                                      0x08002cec   Number         0  dfix.o(x$fpl$dfix)
    x$fpl$dflt                               0x08002d4a   Section       46  dflt_clz.o(x$fpl$dflt)
    $v0                                      0x08002d4a   Number         0  dflt_clz.o(x$fpl$dflt)
    x$fpl$dfltu                              0x08002d78   Section       38  dflt_clz.o(x$fpl$dfltu)
    $v0                                      0x08002d78   Number         0  dflt_clz.o(x$fpl$dfltu)
    x$fpl$dmul                               0x08002da0   Section      340  dmul.o(x$fpl$dmul)
    $v0                                      0x08002da0   Number         0  dmul.o(x$fpl$dmul)
    x$fpl$dnaninf                            0x08002ef4   Section      156  dnaninf.o(x$fpl$dnaninf)
    $v0                                      0x08002ef4   Number         0  dnaninf.o(x$fpl$dnaninf)
    x$fpl$dretinf                            0x08002f90   Section       12  dretinf.o(x$fpl$dretinf)
    $v0                                      0x08002f90   Number         0  dretinf.o(x$fpl$dretinf)
    x$fpl$drsb                               0x08002f9c   Section       22  daddsub_clz.o(x$fpl$drsb)
    $v0                                      0x08002f9c   Number         0  daddsub_clz.o(x$fpl$drsb)
    x$fpl$dsqrt                              0x08002fb4   Section      408  dsqrt_umaal.o(x$fpl$dsqrt)
    $v0                                      0x08002fb4   Number         0  dsqrt_umaal.o(x$fpl$dsqrt)
    x$fpl$dsub                               0x0800314c   Section      468  daddsub_clz.o(x$fpl$dsub)
    $v0                                      0x0800314c   Number         0  daddsub_clz.o(x$fpl$dsub)
    _dsub1                                   0x0800315d   Thumb Code     0  daddsub_clz.o(x$fpl$dsub)
    x$fpl$f2d                                0x08003320   Section       86  f2d.o(x$fpl$f2d)
    $v0                                      0x08003320   Number         0  f2d.o(x$fpl$f2d)
    x$fpl$fnaninf                            0x08003376   Section      140  fnaninf.o(x$fpl$fnaninf)
    $v0                                      0x08003376   Number         0  fnaninf.o(x$fpl$fnaninf)
    x$fpl$fpinit                             0x08003402   Section       10  fpinit.o(x$fpl$fpinit)
    $v0                                      0x08003402   Number         0  fpinit.o(x$fpl$fpinit)
    x$fpl$fretinf                            0x0800340c   Section       10  fretinf.o(x$fpl$fretinf)
    $v0                                      0x0800340c   Number         0  fretinf.o(x$fpl$fretinf)
    .constdata                               0x08003416   Section       24  system_stm32f4xx.o(.constdata)
    x$fpl$usenofp                            0x08003416   Section        0  usenofp.o(x$fpl$usenofp)
    .constdata                               0x08003430   Section       56  log.o(.constdata)
    Lg2                                      0x08003430   Data          24  log.o(.constdata)
    Lg                                       0x08003448   Data          32  log.o(.constdata)
    .constdata                               0x08003468   Section        8  qnan.o(.constdata)
    .data                                    0x20000000   Section      320  main.o(.data)
    .data                                    0x20000140   Section        9  stm32f4xx_hal.o(.data)
    .data                                    0x2000014c   Section        4  system_stm32f4xx.o(.data)
    .bss                                     0x20000150   Section      268  main.o(.bss)
    .bss                                     0x2000025c   Section       96  libspace.o(.bss)
    HEAP                                     0x200002c0   Section      512  startup_stm32f407xx.o(HEAP)
    Heap_Mem                                 0x200002c0   Data         512  startup_stm32f407xx.o(HEAP)
    STACK                                    0x200004c0   Section     1024  startup_stm32f407xx.o(STACK)
    Stack_Mem                                0x200004c0   Data        1024  startup_stm32f407xx.o(STACK)
    __initial_sp                             0x200008c0   Data           0  startup_stm32f407xx.o(STACK)

    Global Symbols

    Symbol Name                              Value     Ov Type        Size  Object(Section)

    BuildAttributes$$THM_ISAv4$E$P$D$K$B$S$7EM$VFPi3$EXTD16$VFPS$VFMA$PE$A:L22UL41UL21$X:L11$S22US41US21$IEEE1$IW$USESV6$~STKCKD$USESV7$~SHL$OTIME$ROPI$IEEEX$EBA8$UX$STANDARDLIB$REQ8$PRES8$EABIv2 0x00000000   Number         0  anon$$obj.o ABSOLUTE
    __ARM_use_no_argv                        0x00000000   Number         0  main.o ABSOLUTE
    __ARM_exceptions_init                     - Undefined Weak Reference
    __alloca_initialize                       - Undefined Weak Reference
    __arm_preinit_                            - Undefined Weak Reference
    __cpp_initialize__aeabi_                  - Undefined Weak Reference
    __cxa_finalize                            - Undefined Weak Reference
    __rt_locale                               - Undefined Weak Reference
    __sigvec_lookup                           - Undefined Weak Reference
    _atexit_init                              - Undefined Weak Reference
    _call_atexit_fns                          - Undefined Weak Reference
    _clock_init                               - Undefined Weak Reference
    _fp_trap_init                             - Undefined Weak Reference
    _fp_trap_shutdown                         - Undefined Weak Reference
    _get_lc_collate                           - Undefined Weak Reference
    _get_lc_ctype                             - Undefined Weak Reference
    _get_lc_monetary                          - Undefined Weak Reference
    _get_lc_numeric                           - Undefined Weak Reference
    _get_lc_time                              - Undefined Weak Reference
    _getenv_init                              - Undefined Weak Reference
    _handle_redirection                       - Undefined Weak Reference
    _init_alloc                               - Undefined Weak Reference
    _init_user_alloc                          - Undefined Weak Reference
    _initio                                   - Undefined Weak Reference
    _rand_init                                - Undefined Weak Reference
    _signal_finish                            - Undefined Weak Reference
    _signal_init                              - Undefined Weak Reference
    _terminate_alloc                          - Undefined Weak Reference
    _terminate_user_alloc                     - Undefined Weak Reference
    _terminateio                              - Undefined Weak Reference
    __Vectors_Size                           0x00000188   Number         0  startup_stm32f407xx.o ABSOLUTE
    __Vectors                                0x08000000   Data           4  startup_stm32f407xx.o(RESET)
    __Vectors_End                            0x08000188   Data           0  startup_stm32f407xx.o(RESET)
    __main                                   0x08000189   Thumb Code     8  __main.o(!!!main)
    __scatterload                            0x08000191   Thumb Code     0  __scatter.o(!!!scatter)
    __scatterload_rt2                        0x08000191   Thumb Code    44  __scatter.o(!!!scatter)
    __scatterload_rt2_thumb_only             0x08000191   Thumb Code     0  __scatter.o(!!!scatter)
    __scatterload_null                       0x0800019f   Thumb Code     0  __scatter.o(!!!scatter)
    __decompress                             0x080001c5   Thumb Code    58  __dczerorl.o(!!dczerorl)
    __decompress0                            0x080001c5   Thumb Code     0  __dczerorl.o(!!dczerorl)
    __scatterload_zeroinit                   0x08000201   Thumb Code    28  __scatter_zi.o(!!handler_zi)
    __rt_lib_init                            0x0800021d   Thumb Code     0  libinit.o(.ARM.Collect$$libinit$$00000000)
    __rt_lib_init_fp_1                       0x0800021f   Thumb Code     0  libinit2.o(.ARM.Collect$$libinit$$00000001)
    __rt_lib_init_alloca_1                   0x08000223   Thumb Code     0  libinit2.o(.ARM.Collect$$libinit$$0000002E)
    __rt_lib_init_argv_1                     0x08000223   Thumb Code     0  libinit2.o(.ARM.Collect$$libinit$$0000002C)
    __rt_lib_init_atexit_1                   0x08000223   Thumb Code     0  libinit2.o(.ARM.Collect$$libinit$$0000001B)
    __rt_lib_init_clock_1                    0x08000223   Thumb Code     0  libinit2.o(.ARM.Collect$$libinit$$00000021)
    __rt_lib_init_cpp_1                      0x08000223   Thumb Code     0  libinit2.o(.ARM.Collect$$libinit$$00000032)
    __rt_lib_init_exceptions_1               0x08000223   Thumb Code     0  libinit2.o(.ARM.Collect$$libinit$$00000030)
    __rt_lib_init_fp_trap_1                  0x08000223   Thumb Code     0  libinit2.o(.ARM.Collect$$libinit$$0000001F)
    __rt_lib_init_getenv_1                   0x08000223   Thumb Code     0  libinit2.o(.ARM.Collect$$libinit$$00000023)
    __rt_lib_init_heap_1                     0x08000223   Thumb Code     0  libinit2.o(.ARM.Collect$$libinit$$0000000A)
    __rt_lib_init_lc_collate_1               0x08000223   Thumb Code     0  libinit2.o(.ARM.Collect$$libinit$$00000011)
    __rt_lib_init_lc_ctype_1                 0x08000223   Thumb Code     0  libinit2.o(.ARM.Collect$$libinit$$00000013)
    __rt_lib_init_lc_monetary_1              0x08000223   Thumb Code     0  libinit2.o(.ARM.Collect$$libinit$$00000015)
    __rt_lib_init_lc_numeric_1               0x08000223   Thumb Code     0  libinit2.o(.ARM.Collect$$libinit$$00000017)
    __rt_lib_init_lc_time_1                  0x08000223   Thumb Code     0  libinit2.o(.ARM.Collect$$libinit$$00000019)
    __rt_lib_init_preinit_1                  0x08000223   Thumb Code     0  libinit2.o(.ARM.Collect$$libinit$$00000004)
    __rt_lib_init_rand_1                     0x08000223   Thumb Code     0  libinit2.o(.ARM.Collect$$libinit$$0000000E)
    __rt_lib_init_return                     0x08000223   Thumb Code     0  libinit2.o(.ARM.Collect$$libinit$$00000033)
    __rt_lib_init_signal_1                   0x08000223   Thumb Code     0  libinit2.o(.ARM.Collect$$libinit$$0000001D)
    __rt_lib_init_stdio_1                    0x08000223   Thumb Code     0  libinit2.o(.ARM.Collect$$libinit$$00000025)
    __rt_lib_init_user_alloc_1               0x08000223   Thumb Code     0  libinit2.o(.ARM.Collect$$libinit$$0000000C)
    __rt_lib_shutdown                        0x08000225   Thumb Code     0  libshutdown.o(.ARM.Collect$$libshutdown$$00000000)
    __rt_lib_shutdown_cpp_1                  0x08000227   Thumb Code     0  libshutdown2.o(.ARM.Collect$$libshutdown$$00000002)
    __rt_lib_shutdown_fp_trap_1              0x08000227   Thumb Code     0  libshutdown2.o(.ARM.Collect$$libshutdown$$00000007)
    __rt_lib_shutdown_heap_1                 0x08000227   Thumb Code     0  libshutdown2.o(.ARM.Collect$$libshutdown$$0000000F)
    __rt_lib_shutdown_return                 0x08000227   Thumb Code     0  libshutdown2.o(.ARM.Collect$$libshutdown$$00000010)
    __rt_lib_shutdown_signal_1               0x08000227   Thumb Code     0  libshutdown2.o(.ARM.Collect$$libshutdown$$0000000A)
    __rt_lib_shutdown_stdio_1                0x08000227   Thumb Code     0  libshutdown2.o(.ARM.Collect$$libshutdown$$00000004)
    __rt_lib_shutdown_user_alloc_1           0x08000227   Thumb Code     0  libshutdown2.o(.ARM.Collect$$libshutdown$$0000000C)
    __rt_entry                               0x08000229   Thumb Code     0  __rtentry.o(.ARM.Collect$$rtentry$$00000000)
    __rt_entry_presh_1                       0x08000229   Thumb Code     0  __rtentry2.o(.ARM.Collect$$rtentry$$00000002)
    __rt_entry_sh                            0x08000229   Thumb Code     0  __rtentry4.o(.ARM.Collect$$rtentry$$00000004)
    __rt_entry_li                            0x0800022f   Thumb Code     0  __rtentry2.o(.ARM.Collect$$rtentry$$0000000A)
    __rt_entry_postsh_1                      0x0800022f   Thumb Code     0  __rtentry2.o(.ARM.Collect$$rtentry$$00000009)
    __rt_entry_main                          0x08000233   Thumb Code     0  __rtentry2.o(.ARM.Collect$$rtentry$$0000000D)
    __rt_entry_postli_1                      0x08000233   Thumb Code     0  __rtentry2.o(.ARM.Collect$$rtentry$$0000000C)
    __rt_exit                                0x0800023b   Thumb Code     0  rtexit.o(.ARM.Collect$$rtexit$$00000000)
    __rt_exit_ls                             0x0800023d   Thumb Code     0  rtexit2.o(.ARM.Collect$$rtexit$$00000003)
    __rt_exit_prels_1                        0x0800023d   Thumb Code     0  rtexit2.o(.ARM.Collect$$rtexit$$00000002)
    __rt_exit_exit                           0x08000241   Thumb Code     0  rtexit2.o(.ARM.Collect$$rtexit$$00000004)
    Reset_Handler                            0x08000249   Thumb Code     8  startup_stm32f407xx.o(.text)
    NMI_Handler                              0x08000251   Thumb Code     2  startup_stm32f407xx.o(.text)
    HardFault_Handler                        0x08000253   Thumb Code     2  startup_stm32f407xx.o(.text)
    MemManage_Handler                        0x08000255   Thumb Code     2  startup_stm32f407xx.o(.text)
    BusFault_Handler                         0x08000257   Thumb Code     2  startup_stm32f407xx.o(.text)
    UsageFault_Handler                       0x08000259   Thumb Code     2  startup_stm32f407xx.o(.text)
    SVC_Handler                              0x0800025b   Thumb Code     2  startup_stm32f407xx.o(.text)
    DebugMon_Handler                         0x0800025d   Thumb Code     2  startup_stm32f407xx.o(.text)
    PendSV_Handler                           0x0800025f   Thumb Code     2  startup_stm32f407xx.o(.text)
    ADC_IRQHandler                           0x08000263   Thumb Code     0  startup_stm32f407xx.o(.text)
    CAN1_RX0_IRQHandler                      0x08000263   Thumb Code     0  startup_stm32f407xx.o(.text)
    CAN1_RX1_IRQHandler                      0x08000263   Thumb Code     0  startup_stm32f407xx.o(.text)
    CAN1_SCE_IRQHandler                      0x08000263   Thumb Code     0  startup_stm32f407xx.o(.text)
    CAN1_TX_IRQHandler                       0x08000263   Thumb Code     0  startup_stm32f407xx.o(.text)
    CAN2_RX0_IRQHandler                      0x08000263   Thumb Code     0  startup_stm32f407xx.o(.text)
    CAN2_RX1_IRQHandler                      0x08000263   Thumb Code     0  startup_stm32f407xx.o(.text)
    CAN2_SCE_IRQHandler                      0x08000263   Thumb Code     0  startup_stm32f407xx.o(.text)
    CAN2_TX_IRQHandler                       0x08000263   Thumb Code     0  startup_stm32f407xx.o(.text)
    DCMI_IRQHandler                          0x08000263   Thumb Code     0  startup_stm32f407xx.o(.text)
    DMA1_Stream0_IRQHandler                  0x08000263   Thumb Code     0  startup_stm32f407xx.o(.text)
    DMA1_Stream1_IRQHandler                  0x08000263   Thumb Code     0  startup_stm32f407xx.o(.text)
    DMA1_Stream2_IRQHandler                  0x08000263   Thumb Code     0  startup_stm32f407xx.o(.text)
    DMA1_Stream3_IRQHandler                  0x08000263   Thumb Code     0  startup_stm32f407xx.o(.text)
    DMA1_Stream4_IRQHandler                  0x08000263   Thumb Code     0  startup_stm32f407xx.o(.text)
    DMA1_Stream5_IRQHandler                  0x08000263   Thumb Code     0  startup_stm32f407xx.o(.text)
    DMA1_Stream6_IRQHandler                  0x08000263   Thumb Code     0  startup_stm32f407xx.o(.text)
    DMA1_Stream7_IRQHandler                  0x08000263   Thumb Code     0  startup_stm32f407xx.o(.text)
    DMA2_Stream0_IRQHandler                  0x08000263   Thumb Code     0  startup_stm32f407xx.o(.text)
    DMA2_Stream1_IRQHandler                  0x08000263   Thumb Code     0  startup_stm32f407xx.o(.text)
    DMA2_Stream2_IRQHandler                  0x08000263   Thumb Code     0  startup_stm32f407xx.o(.text)
    DMA2_Stream3_IRQHandler                  0x08000263   Thumb Code     0  startup_stm32f407xx.o(.text)
    DMA2_Stream4_IRQHandler                  0x08000263   Thumb Code     0  startup_stm32f407xx.o(.text)
    DMA2_Stream5_IRQHandler                  0x08000263   Thumb Code     0  startup_stm32f407xx.o(.text)
    DMA2_Stream6_IRQHandler                  0x08000263   Thumb Code     0  startup_stm32f407xx.o(.text)
    DMA2_Stream7_IRQHandler                  0x08000263   Thumb Code     0  startup_stm32f407xx.o(.text)
    ETH_IRQHandler                           0x08000263   Thumb Code     0  startup_stm32f407xx.o(.text)
    ETH_WKUP_IRQHandler                      0x08000263   Thumb Code     0  startup_stm32f407xx.o(.text)
    EXTI0_IRQHandler                         0x08000263   Thumb Code     0  startup_stm32f407xx.o(.text)
    EXTI15_10_IRQHandler                     0x08000263   Thumb Code     0  startup_stm32f407xx.o(.text)
    EXTI1_IRQHandler                         0x08000263   Thumb Code     0  startup_stm32f407xx.o(.text)
    EXTI2_IRQHandler                         0x08000263   Thumb Code     0  startup_stm32f407xx.o(.text)
    EXTI3_IRQHandler                         0x08000263   Thumb Code     0  startup_stm32f407xx.o(.text)
    EXTI4_IRQHandler                         0x08000263   Thumb Code     0  startup_stm32f407xx.o(.text)
    EXTI9_5_IRQHandler                       0x08000263   Thumb Code     0  startup_stm32f407xx.o(.text)
    FLASH_IRQHandler                         0x08000263   Thumb Code     0  startup_stm32f407xx.o(.text)
    FMC_IRQHandler                           0x08000263   Thumb Code     0  startup_stm32f407xx.o(.text)
    FPU_IRQHandler                           0x08000263   Thumb Code     0  startup_stm32f407xx.o(.text)
    HASH_RNG_IRQHandler                      0x08000263   Thumb Code     0  startup_stm32f407xx.o(.text)
    I2C1_ER_IRQHandler                       0x08000263   Thumb Code     0  startup_stm32f407xx.o(.text)
    I2C1_EV_IRQHandler                       0x08000263   Thumb Code     0  startup_stm32f407xx.o(.text)
    I2C2_ER_IRQHandler                       0x08000263   Thumb Code     0  startup_stm32f407xx.o(.text)
    I2C2_EV_IRQHandler                       0x08000263   Thumb Code     0  startup_stm32f407xx.o(.text)
    I2C3_ER_IRQHandler                       0x08000263   Thumb Code     0  startup_stm32f407xx.o(.text)
    I2C3_EV_IRQHandler                       0x08000263   Thumb Code     0  startup_stm32f407xx.o(.text)
    OTG_FS_IRQHandler                        0x08000263   Thumb Code     0  startup_stm32f407xx.o(.text)
    OTG_FS_WKUP_IRQHandler                   0x08000263   Thumb Code     0  startup_stm32f407xx.o(.text)
    OTG_HS_EP1_IN_IRQHandler                 0x08000263   Thumb Code     0  startup_stm32f407xx.o(.text)
    OTG_HS_EP1_OUT_IRQHandler                0x08000263   Thumb Code     0  startup_stm32f407xx.o(.text)
    OTG_HS_IRQHandler                        0x08000263   Thumb Code     0  startup_stm32f407xx.o(.text)
    OTG_HS_WKUP_IRQHandler                   0x08000263   Thumb Code     0  startup_stm32f407xx.o(.text)
    PVD_IRQHandler                           0x08000263   Thumb Code     0  startup_stm32f407xx.o(.text)
    RCC_IRQHandler                           0x08000263   Thumb Code     0  startup_stm32f407xx.o(.text)
    RTC_Alarm_IRQHandler                     0x08000263   Thumb Code     0  startup_stm32f407xx.o(.text)
    RTC_WKUP_IRQHandler                      0x08000263   Thumb Code     0  startup_stm32f407xx.o(.text)
    SDIO_IRQHandler                          0x08000263   Thumb Code     0  startup_stm32f407xx.o(.text)
    SPI1_IRQHandler                          0x08000263   Thumb Code     0  startup_stm32f407xx.o(.text)
    SPI2_IRQHandler                          0x08000263   Thumb Code     0  startup_stm32f407xx.o(.text)
    SPI3_IRQHandler                          0x08000263   Thumb Code     0  startup_stm32f407xx.o(.text)
    TAMP_STAMP_IRQHandler                    0x08000263   Thumb Code     0  startup_stm32f407xx.o(.text)
    TIM1_BRK_TIM9_IRQHandler                 0x08000263   Thumb Code     0  startup_stm32f407xx.o(.text)
    TIM1_CC_IRQHandler                       0x08000263   Thumb Code     0  startup_stm32f407xx.o(.text)
    TIM1_TRG_COM_TIM11_IRQHandler            0x08000263   Thumb Code     0  startup_stm32f407xx.o(.text)
    TIM1_UP_TIM10_IRQHandler                 0x08000263   Thumb Code     0  startup_stm32f407xx.o(.text)
    TIM2_IRQHandler                          0x08000263   Thumb Code     0  startup_stm32f407xx.o(.text)
    TIM3_IRQHandler                          0x08000263   Thumb Code     0  startup_stm32f407xx.o(.text)
    TIM4_IRQHandler                          0x08000263   Thumb Code     0  startup_stm32f407xx.o(.text)
    TIM5_IRQHandler                          0x08000263   Thumb Code     0  startup_stm32f407xx.o(.text)
    TIM6_DAC_IRQHandler                      0x08000263   Thumb Code     0  startup_stm32f407xx.o(.text)
    TIM7_IRQHandler                          0x08000263   Thumb Code     0  startup_stm32f407xx.o(.text)
    TIM8_BRK_TIM12_IRQHandler                0x08000263   Thumb Code     0  startup_stm32f407xx.o(.text)
    TIM8_CC_IRQHandler                       0x08000263   Thumb Code     0  startup_stm32f407xx.o(.text)
    TIM8_TRG_COM_TIM14_IRQHandler            0x08000263   Thumb Code     0  startup_stm32f407xx.o(.text)
    TIM8_UP_TIM13_IRQHandler                 0x08000263   Thumb Code     0  startup_stm32f407xx.o(.text)
    UART5_IRQHandler                         0x08000263   Thumb Code     0  startup_stm32f407xx.o(.text)
    USART1_IRQHandler                        0x08000263   Thumb Code     0  startup_stm32f407xx.o(.text)
    USART2_IRQHandler                        0x08000263   Thumb Code     0  startup_stm32f407xx.o(.text)
    USART3_IRQHandler                        0x08000263   Thumb Code     0  startup_stm32f407xx.o(.text)
    USART6_IRQHandler                        0x08000263   Thumb Code     0  startup_stm32f407xx.o(.text)
    WWDG_IRQHandler                          0x08000263   Thumb Code     0  startup_stm32f407xx.o(.text)
    __user_initial_stackheap                 0x08000265   Thumb Code     0  startup_stm32f407xx.o(.text)
    __use_two_region_memory                  0x08000289   Thumb Code     2  heapauxi.o(.text)
    __rt_heap_escrow$2region                 0x0800028b   Thumb Code     2  heapauxi.o(.text)
    __rt_heap_expand$2region                 0x0800028d   Thumb Code     2  heapauxi.o(.text)
    __read_errno                             0x0800028f   Thumb Code    10  _rserrno.o(.text)
    __set_errno                              0x08000299   Thumb Code    12  _rserrno.o(.text)
    __aeabi_errno_addr                       0x080002a5   Thumb Code     8  rt_errno_addr_intlibspace.o(.text)
    __errno$intlibspace                      0x080002a5   Thumb Code     0  rt_errno_addr_intlibspace.o(.text)
    __rt_errno_addr$intlibspace              0x080002a5   Thumb Code     0  rt_errno_addr_intlibspace.o(.text)
    __user_libspace                          0x080002ad   Thumb Code     8  libspace.o(.text)
    __user_perproc_libspace                  0x080002ad   Thumb Code     0  libspace.o(.text)
    __user_perthread_libspace                0x080002ad   Thumb Code     0  libspace.o(.text)
    __user_setup_stackheap                   0x080002b5   Thumb Code    74  sys_stackheap_outer.o(.text)
    exit                                     0x080002ff   Thumb Code    18  exit.o(.text)
    _sys_exit                                0x08000311   Thumb Code     8  sys_exit.o(.text)
    __I$use$semihosting                      0x0800031d   Thumb Code     0  use_no_semi.o(.text)
    __use_no_semihosting_swi                 0x0800031d   Thumb Code     2  use_no_semi.o(.text)
    __semihosting_library_function           0x0800031f   Thumb Code     0  indicate_semi.o(.text)
    ButterworthFilter                        0x08000321   Thumb Code   124  main.o(i.ButterworthFilter)
    GPIO_Config                              0x080003b9   Thumb Code   464  main.o(i.GPIO_Config)
    HAL_GetTick                              0x08000591   Thumb Code     6  stm32f4xx_hal.o(i.HAL_GetTick)
    HAL_I2C_Init                             0x0800059d   Thumb Code   422  stm32f4xx_hal_i2c.o(i.HAL_I2C_Init)
    HAL_I2C_Master_Receive                   0x08000755   Thumb Code   748  stm32f4xx_hal_i2c.o(i.HAL_I2C_Master_Receive)
    HAL_I2C_Master_Transmit                  0x08000a4d   Thumb Code   360  stm32f4xx_hal_i2c.o(i.HAL_I2C_Master_Transmit)
    HAL_I2C_MspInit                          0x08000bbd   Thumb Code     2  stm32f4xx_hal_i2c.o(i.HAL_I2C_MspInit)
    HAL_IncTick                              0x08000bc1   Thumb Code    16  stm32f4xx_hal.o(i.HAL_IncTick)
    HAL_Init                                 0x08000bd9   Thumb Code    44  stm32f4xx_hal.o(i.HAL_Init)
    HAL_InitTick                             0x08000c09   Thumb Code    64  stm32f4xx_hal.o(i.HAL_InitTick)
    HAL_MspInit                              0x08000c55   Thumb Code     2  stm32f4xx_hal.o(i.HAL_MspInit)
    HAL_NVIC_SetPriority                     0x08000c57   Thumb Code   124  stm32f4xx_hal_cortex.o(i.HAL_NVIC_SetPriority)
    HAL_NVIC_SetPriorityGrouping             0x08000cd5   Thumb Code    32  stm32f4xx_hal_cortex.o(i.HAL_NVIC_SetPriorityGrouping)
    HAL_RCC_GetHCLKFreq                      0x08000cfd   Thumb Code     6  stm32f4xx_hal_rcc.o(i.HAL_RCC_GetHCLKFreq)
    HAL_RCC_GetPCLK1Freq                     0x08000d09   Thumb Code    22  stm32f4xx_hal_rcc.o(i.HAL_RCC_GetPCLK1Freq)
    HAL_SYSTICK_CLKSourceConfig              0x08000d29   Thumb Code    40  stm32f4xx_hal_cortex.o(i.HAL_SYSTICK_CLKSourceConfig)
    HAL_SYSTICK_Callback                     0x08000d51   Thumb Code     2  stm32f4xx_hal_cortex.o(i.HAL_SYSTICK_Callback)
    HAL_SYSTICK_Config                       0x08000d53   Thumb Code    52  stm32f4xx_hal_cortex.o(i.HAL_SYSTICK_Config)
    HAL_SYSTICK_IRQHandler                   0x08000d87   Thumb Code     8  stm32f4xx_hal_cortex.o(i.HAL_SYSTICK_IRQHandler)
    I2C1_Config                              0x08000d91   Thumb Code    74  main.o(i.I2C1_Config)
    I2C2_Config                              0x08000ded   Thumb Code    74  main.o(i.I2C2_Config)
    IMU_Calc                                 0x080012c9   Thumb Code   236  main.o(i.IMU_Calc)
    IMU_Check                                0x080013d9   Thumb Code    52  main.o(i.IMU_Check)
    IMU_Config                               0x08001415   Thumb Code   134  main.o(i.IMU_Config)
    IMU_Read                                 0x080014a5   Thumb Code   232  main.o(i.IMU_Read)
    IMU_Steps                                0x080015b5   Thumb Code   510  main.o(i.IMU_Steps)
    IR_DC_removal                            0x08001801   Thumb Code   174  main.o(i.IR_DC_removal)
    OXIMETER_READ_SAMPLE                     0x080018d1   Thumb Code   114  main.o(i.OXIMETER_READ_SAMPLE)
    OXI_Check                                0x08001961   Thumb Code    36  main.o(i.OXI_Check)
    OXI_FIFO_Clear                           0x08001991   Thumb Code    32  main.o(i.OXI_FIFO_Clear)
    OXI_IR_DSP                               0x080019b9   Thumb Code    24  main.o(i.OXI_IR_DSP)
    OXI_MODE_Config                          0x080019d1   Thumb Code   128  main.o(i.OXI_MODE_Config)
    OXI_PEAKS                                0x08001a75   Thumb Code   604  main.o(i.OXI_PEAKS)
    OXI_R_DSP                                0x08001d2d   Thumb Code    12  main.o(i.OXI_R_DSP)
    OXI_calc                                 0x08001d39   Thumb Code   186  main.o(i.OXI_calc)
    R_Calc                                   0x08001e0d   Thumb Code   346  main.o(i.R_Calc)
    R_DC_Removal                             0x08001fad   Thumb Code   114  main.o(i.R_DC_Removal)
    SER_PutChar                              0x08002039   Thumb Code    36  main.o(i.SER_PutChar)
    SysTick_Handler                          0x08002061   Thumb Code    22  main.o(i.SysTick_Handler)
    SystemInit                               0x0800207d   Thumb Code    82  system_stm32f4xx.o(i.SystemInit)
    UART4_IRQHandler                         0x080020e1   Thumb Code    96  main.o(i.UART4_IRQHandler)
    __hardfp_log                             0x08002189   Thumb Code   872  log.o(i.__hardfp_log)
    __hardfp_sqrt                            0x0800254d   Thumb Code   122  sqrt.o(i.__hardfp_sqrt)
    __kernel_poly                            0x080025c7   Thumb Code   248  poly.o(i.__kernel_poly)
    __mathlib_dbl_divzero                    0x080026c1   Thumb Code    28  dunder.o(i.__mathlib_dbl_divzero)
    __mathlib_dbl_infnan                     0x080026f1   Thumb Code    20  dunder.o(i.__mathlib_dbl_infnan)
    __mathlib_dbl_invalid                    0x08002709   Thumb Code    24  dunder.o(i.__mathlib_dbl_invalid)
    main                                     0x08002729   Thumb Code    66  main.o(i.main)
    meanfilter                               0x08002775   Thumb Code    74  main.o(i.meanfilter)
    oxi_setup                                0x080027d1   Thumb Code    16  main.o(i.oxi_setup)
    __aeabi_dneg                             0x080027e1   Thumb Code     0  basic.o(x$fpl$basic)
    _dneg                                    0x080027e1   Thumb Code     6  basic.o(x$fpl$basic)
    __aeabi_fneg                             0x080027e7   Thumb Code     0  basic.o(x$fpl$basic)
    _fneg                                    0x080027e7   Thumb Code     6  basic.o(x$fpl$basic)
    _dabs                                    0x080027ed   Thumb Code     6  basic.o(x$fpl$basic)
    _fabs                                    0x080027f3   Thumb Code     6  basic.o(x$fpl$basic)
    __aeabi_d2f                              0x080027f9   Thumb Code     0  d2f.o(x$fpl$d2f)
    _d2f                                     0x080027f9   Thumb Code    98  d2f.o(x$fpl$d2f)
    __aeabi_dadd                             0x0800285d   Thumb Code     0  daddsub_clz.o(x$fpl$dadd)
    _dadd                                    0x0800285d   Thumb Code   332  daddsub_clz.o(x$fpl$dadd)
    __fpl_dcmp_Inf                           0x080029ad   Thumb Code    24  dcmpi.o(x$fpl$dcmpinf)
    __aeabi_ddiv                             0x080029c5   Thumb Code     0  ddiv.o(x$fpl$ddiv)
    _ddiv                                    0x080029c5   Thumb Code   552  ddiv.o(x$fpl$ddiv)
    __aeabi_cdcmpeq                          0x08002c75   Thumb Code     0  deqf.o(x$fpl$deqf)
    _dcmpeq                                  0x08002c75   Thumb Code   120  deqf.o(x$fpl$deqf)
    __aeabi_d2iz                             0x08002ced   Thumb Code     0  dfix.o(x$fpl$dfix)
    _dfix                                    0x08002ced   Thumb Code    94  dfix.o(x$fpl$dfix)
    __aeabi_i2d                              0x08002d4b   Thumb Code     0  dflt_clz.o(x$fpl$dflt)
    _dflt                                    0x08002d4b   Thumb Code    46  dflt_clz.o(x$fpl$dflt)
    __aeabi_ui2d                             0x08002d79   Thumb Code     0  dflt_clz.o(x$fpl$dfltu)
    _dfltu                                   0x08002d79   Thumb Code    38  dflt_clz.o(x$fpl$dfltu)
    __aeabi_dmul                             0x08002da1   Thumb Code     0  dmul.o(x$fpl$dmul)
    _dmul                                    0x08002da1   Thumb Code   332  dmul.o(x$fpl$dmul)
    __fpl_dnaninf                            0x08002ef5   Thumb Code   156  dnaninf.o(x$fpl$dnaninf)
    __fpl_dretinf                            0x08002f91   Thumb Code    12  dretinf.o(x$fpl$dretinf)
    __aeabi_drsub                            0x08002f9d   Thumb Code     0  daddsub_clz.o(x$fpl$drsb)
    _drsb                                    0x08002f9d   Thumb Code    22  daddsub_clz.o(x$fpl$drsb)
    _dsqrt                                   0x08002fb5   Thumb Code   404  dsqrt_umaal.o(x$fpl$dsqrt)
    __aeabi_dsub                             0x0800314d   Thumb Code     0  daddsub_clz.o(x$fpl$dsub)
    _dsub                                    0x0800314d   Thumb Code   464  daddsub_clz.o(x$fpl$dsub)
    __aeabi_f2d                              0x08003321   Thumb Code     0  f2d.o(x$fpl$f2d)
    _f2d                                     0x08003321   Thumb Code    86  f2d.o(x$fpl$f2d)
    __fpl_fnaninf                            0x08003377   Thumb Code   140  fnaninf.o(x$fpl$fnaninf)
    _fp_init                                 0x08003403   Thumb Code    10  fpinit.o(x$fpl$fpinit)
    __fplib_config_fpu_vfp                   0x0800340b   Thumb Code     0  fpinit.o(x$fpl$fpinit)
    __fplib_config_pureend_doubles           0x0800340b   Thumb Code     0  fpinit.o(x$fpl$fpinit)
    __fpl_fretinf                            0x0800340d   Thumb Code    10  fretinf.o(x$fpl$fretinf)
    AHBPrescTable                            0x08003416   Data          16  system_stm32f4xx.o(.constdata)
    __I$use$fp                               0x08003416   Number         0  usenofp.o(x$fpl$usenofp)
    APBPrescTable                            0x08003426   Data           8  system_stm32f4xx.o(.constdata)
    __mathlib_zero                           0x08003468   Data           8  qnan.o(.constdata)
    Region$$Table$$Base                      0x08003470   Number         0  anon$$obj.o(Region$$Table)
    Region$$Table$$Limit                     0x08003490   Number         0  anon$$obj.o(Region$$Table)
    time_ms                                  0x20000000   Data           4  main.o(.data)
    data_filt_oxi                            0x20000004   Data           4  main.o(.data)
    variance_oxi                             0x20000008   Data           4  main.o(.data)
    n_variance_oxi                           0x2000000c   Data           4  main.o(.data)
    time1                                    0x20000010   Data           4  main.o(.data)
    time2                                    0x20000014   Data           4  main.o(.data)
    R                                        0x20000018   Data           8  main.o(.data)
    OXI_INT_STATUS                           0x20000020   Data           1  main.o(.data)
    OXI_INT_ENABLE                           0x20000021   Data           1  main.o(.data)
    OXI_FIFO_WR_PTR                          0x20000022   Data           1  main.o(.data)
    OXI_FIFO_OVF_CTR                         0x20000023   Data           1  main.o(.data)
    OXI_FIFO_RD_PTR                          0x20000024   Data           1  main.o(.data)
    OXI_FIFO_DATA                            0x20000025   Data           1  main.o(.data)
    OXI_MODE_CONFIG                          0x20000026   Data           1  main.o(.data)
    OXI_SP02_CONFIG                          0x20000027   Data           1  main.o(.data)
    OXI_LED_CONFIG                           0x20000028   Data           1  main.o(.data)
    OXI_DEVICE_ID                            0x20000029   Data           1  main.o(.data)
    bpm                                      0x2000002a   Data           2  main.o(.data)
    oxi_id                                   0x2000002c   Data           1  main.o(.data)
    oxi_fifo_regs                            0x2000002d   Data           3  main.o(.data)
    oxi_sample                               0x20000030   Data           4  main.o(.data)
    ir_data                                  0x20000034   Data           2  main.o(.data)
    r_data                                   0x20000036   Data           2  main.o(.data)
    oxi_count                                0x20000038   Data           4  main.o(.data)
    red_pa                                   0x2000003c   Data           1  main.o(.data)
    ir_pa                                    0x2000003d   Data           1  main.o(.data)
    led_config                               0x2000003e   Data           1  main.o(.data)
    intStatus                                0x2000003f   Data           1  main.o(.data)
    w_ir                                     0x20000040   Data           4  main.o(.data)
    prev_w_ir                                0x20000044   Data           4  main.o(.data)
    w_r                                      0x20000048   Data           4  main.o(.data)
    prev_w_r                                 0x2000004c   Data           4  main.o(.data)
    ir_data_filtered                         0x20000050   Data           4  main.o(.data)
    ir_data_final                            0x20000054   Data           4  main.o(.data)
    ir_data_mean                             0x20000058   Data           4  main.o(.data)
    r_data_filtered                          0x2000005c   Data           4  main.o(.data)
    IMU_var                                  0x20000060   Data           4  main.o(.data)
    IMU_avg                                  0x20000064   Data           4  main.o(.data)
    sum                                      0x20000068   Data           4  main.o(.data)
    mag                                      0x2000006c   Data           4  main.o(.data)
    IMU_var_sum                              0x20000070   Data           4  main.o(.data)
    IMU_who_am_I                             0x20000074   Data           1  main.o(.data)
    IMU_count                                0x20000078   Data           4  main.o(.data)
    sq_sum_r                                 0x20000080   Data           8  main.o(.data)
    sq_sum_ir                                0x20000088   Data           8  main.o(.data)
    r_rms                                    0x20000090   Data           8  main.o(.data)
    ir_rms                                   0x20000098   Data           8  main.o(.data)
    spo2                                     0x200000a0   Data           8  main.o(.data)
    acc_smooth                               0x200000a8   Data           4  main.o(.data)
    mag_avg                                  0x200000ac   Data           4  main.o(.data)
    mag_var                                  0x200000b0   Data           4  main.o(.data)
    IMU_norm_mag                             0x200000b4   Data           4  main.o(.data)
    thres_peak                               0x200000b8   Data           4  main.o(.data)
    thres_end                                0x200000bc   Data           4  main.o(.data)
    check_thres_peak                         0x200000c0   Data           4  main.o(.data)
    check_thres_end                          0x200000c4   Data           4  main.o(.data)
    steps                                    0x200000c8   Data           1  main.o(.data)
    special_flag                             0x200000cc   Data           4  main.o(.data)
    flag_start                               0x200000d0   Data           4  main.o(.data)
    i2c2Buf                                  0x200000d4   Data           8  main.o(.data)
    ax                                       0x200000dc   Data           2  main.o(.data)
    ay                                       0x200000de   Data           2  main.o(.data)
    az                                       0x200000e0   Data           2  main.o(.data)
    Xaccel                                   0x200000e4   Data           4  main.o(.data)
    Yaccel                                   0x200000e8   Data           4  main.o(.data)
    Zaccel                                   0x200000ec   Data           4  main.o(.data)
    v                                        0x200000f0   Data           8  main.o(.data)
    result                                   0x200000f8   Data           4  main.o(.data)
    thres_peak_oxi                           0x200000fc   Data           4  main.o(.data)
    thres_end_oxi_oxi                        0x20000100   Data           4  main.o(.data)
    check_thres_peak_oxi                     0x20000104   Data           4  main.o(.data)
    check_thres_end_oxi_oxi                  0x20000108   Data           4  main.o(.data)
    mag_avg_oxi                              0x2000010c   Data           4  main.o(.data)
    oxi_smooth                               0x20000110   Data           4  main.o(.data)
    flag_start_oxi                           0x20000114   Data           4  main.o(.data)
    data1                                    0x20000118   Data           4  main.o(.data)
    data2                                    0x2000011c   Data           4  main.o(.data)
    ir_data_buf_count                        0x20000120   Data           2  main.o(.data)
    sum_oxi                                  0x20000124   Data           4  main.o(.data)
    OXI_avg                                  0x20000128   Data           4  main.o(.data)
    OXI_var_sum_oxi                          0x2000012c   Data           4  main.o(.data)
    OXI_var                                  0x20000130   Data           4  main.o(.data)
    OXI_count                                0x20000134   Data           4  main.o(.data)
    mag_var_oxi                              0x20000138   Data           4  main.o(.data)
    OXI_norm_mag                             0x2000013c   Data           4  main.o(.data)
    uwTick                                   0x20000140   Data           4  stm32f4xx_hal.o(.data)
    uwTickPrio                               0x20000144   Data           4  stm32f4xx_hal.o(.data)
    uwTickFreq                               0x20000148   Data           1  stm32f4xx_hal.o(.data)
    SystemCoreClock                          0x2000014c   Data           4  system_stm32f4xx.o(.data)
    I2CHandle                                0x20000150   Data          84  main.o(.bss)
    myI2Chandle                              0x200001a4   Data          84  main.o(.bss)
    span                                     0x200001f8   Data          16  main.o(.bss)
    end_oxi                                  0x20000208   Data          12  main.o(.bss)
    start                                    0x20000214   Data          12  main.o(.bss)
    end                                      0x20000220   Data          12  main.o(.bss)
    span_oxi                                 0x2000022c   Data          16  main.o(.bss)
    start_oxi                                0x2000023c   Data          12  main.o(.bss)
    ir_data_buf                              0x20000248   Data          20  main.o(.bss)
    __libspace_start                         0x2000025c   Data          96  libspace.o(.bss)
    __temporary_stack_top$libspace           0x200002bc   Data           0  libspace.o(.bss)



==============================================================================

Memory Map of the image

  Image Entry point : 0x08000249

  Load Region LR_1 (Base: 0x08000000, Size: 0x000035e0, Max: 0xffffffff, ABSOLUTE, COMPRESSED[0x000034bc])

    Execution Region ER_RO (Exec base: 0x08000000, Load base: 0x08000000, Size: 0x00003490, Max: 0xffffffff, ABSOLUTE)

    Exec Addr    Load Addr    Size         Type   Attr      Idx    E Section Name        Object

    0x08000000   0x08000000   0x00000188   Data   RO         1615    RESET               startup_stm32f407xx.o
    0x08000188   0x08000188   0x00000008   Code   RO         1663  * !!!main             c_w.l(__main.o)
    0x08000190   0x08000190   0x00000034   Code   RO         1927    !!!scatter          c_w.l(__scatter.o)
    0x080001c4   0x080001c4   0x0000003a   Code   RO         1925    !!dczerorl          c_w.l(__dczerorl.o)
    0x080001fe   0x080001fe   0x00000002   PAD
    0x08000200   0x08000200   0x0000001c   Code   RO         1929    !!handler_zi        c_w.l(__scatter_zi.o)
    0x0800021c   0x0800021c   0x00000002   Code   RO         1798    .ARM.Collect$$libinit$$00000000  c_w.l(libinit.o)
    0x0800021e   0x0800021e   0x00000004   Code   RO         1807    .ARM.Collect$$libinit$$00000001  c_w.l(libinit2.o)
    0x08000222   0x08000222   0x00000000   Code   RO         1810    .ARM.Collect$$libinit$$00000004  c_w.l(libinit2.o)
    0x08000222   0x08000222   0x00000000   Code   RO         1813    .ARM.Collect$$libinit$$0000000A  c_w.l(libinit2.o)
    0x08000222   0x08000222   0x00000000   Code   RO         1815    .ARM.Collect$$libinit$$0000000C  c_w.l(libinit2.o)
    0x08000222   0x08000222   0x00000000   Code   RO         1817    .ARM.Collect$$libinit$$0000000E  c_w.l(libinit2.o)
    0x08000222   0x08000222   0x00000000   Code   RO         1820    .ARM.Collect$$libinit$$00000011  c_w.l(libinit2.o)
    0x08000222   0x08000222   0x00000000   Code   RO         1822    .ARM.Collect$$libinit$$00000013  c_w.l(libinit2.o)
    0x08000222   0x08000222   0x00000000   Code   RO         1824    .ARM.Collect$$libinit$$00000015  c_w.l(libinit2.o)
    0x08000222   0x08000222   0x00000000   Code   RO         1826    .ARM.Collect$$libinit$$00000017  c_w.l(libinit2.o)
    0x08000222   0x08000222   0x00000000   Code   RO         1828    .ARM.Collect$$libinit$$00000019  c_w.l(libinit2.o)
    0x08000222   0x08000222   0x00000000   Code   RO         1830    .ARM.Collect$$libinit$$0000001B  c_w.l(libinit2.o)
    0x08000222   0x08000222   0x00000000   Code   RO         1832    .ARM.Collect$$libinit$$0000001D  c_w.l(libinit2.o)
    0x08000222   0x08000222   0x00000000   Code   RO         1834    .ARM.Collect$$libinit$$0000001F  c_w.l(libinit2.o)
    0x08000222   0x08000222   0x00000000   Code   RO         1836    .ARM.Collect$$libinit$$00000021  c_w.l(libinit2.o)
    0x08000222   0x08000222   0x00000000   Code   RO         1838    .ARM.Collect$$libinit$$00000023  c_w.l(libinit2.o)
    0x08000222   0x08000222   0x00000000   Code   RO         1840    .ARM.Collect$$libinit$$00000025  c_w.l(libinit2.o)
    0x08000222   0x08000222   0x00000000   Code   RO         1844    .ARM.Collect$$libinit$$0000002C  c_w.l(libinit2.o)
    0x08000222   0x08000222   0x00000000   Code   RO         1846    .ARM.Collect$$libinit$$0000002E  c_w.l(libinit2.o)
    0x08000222   0x08000222   0x00000000   Code   RO         1848    .ARM.Collect$$libinit$$00000030  c_w.l(libinit2.o)
    0x08000222   0x08000222   0x00000000   Code   RO         1850    .ARM.Collect$$libinit$$00000032  c_w.l(libinit2.o)
    0x08000222   0x08000222   0x00000002   Code   RO         1851    .ARM.Collect$$libinit$$00000033  c_w.l(libinit2.o)
    0x08000224   0x08000224   0x00000002   Code   RO         1882    .ARM.Collect$$libshutdown$$00000000  c_w.l(libshutdown.o)
    0x08000226   0x08000226   0x00000000   Code   RO         1908    .ARM.Collect$$libshutdown$$00000002  c_w.l(libshutdown2.o)
    0x08000226   0x08000226   0x00000000   Code   RO         1910    .ARM.Collect$$libshutdown$$00000004  c_w.l(libshutdown2.o)
    0x08000226   0x08000226   0x00000000   Code   RO         1913    .ARM.Collect$$libshutdown$$00000007  c_w.l(libshutdown2.o)
    0x08000226   0x08000226   0x00000000   Code   RO         1916    .ARM.Collect$$libshutdown$$0000000A  c_w.l(libshutdown2.o)
    0x08000226   0x08000226   0x00000000   Code   RO         1918    .ARM.Collect$$libshutdown$$0000000C  c_w.l(libshutdown2.o)
    0x08000226   0x08000226   0x00000000   Code   RO         1921    .ARM.Collect$$libshutdown$$0000000F  c_w.l(libshutdown2.o)
    0x08000226   0x08000226   0x00000002   Code   RO         1922    .ARM.Collect$$libshutdown$$00000010  c_w.l(libshutdown2.o)
    0x08000228   0x08000228   0x00000000   Code   RO         1717    .ARM.Collect$$rtentry$$00000000  c_w.l(__rtentry.o)
    0x08000228   0x08000228   0x00000000   Code   RO         1759    .ARM.Collect$$rtentry$$00000002  c_w.l(__rtentry2.o)
    0x08000228   0x08000228   0x00000006   Code   RO         1771    .ARM.Collect$$rtentry$$00000004  c_w.l(__rtentry4.o)
    0x0800022e   0x0800022e   0x00000000   Code   RO         1761    .ARM.Collect$$rtentry$$00000009  c_w.l(__rtentry2.o)
    0x0800022e   0x0800022e   0x00000004   Code   RO         1762    .ARM.Collect$$rtentry$$0000000A  c_w.l(__rtentry2.o)
    0x08000232   0x08000232   0x00000000   Code   RO         1764    .ARM.Collect$$rtentry$$0000000C  c_w.l(__rtentry2.o)
    0x08000232   0x08000232   0x00000008   Code   RO         1765    .ARM.Collect$$rtentry$$0000000D  c_w.l(__rtentry2.o)
    0x0800023a   0x0800023a   0x00000002   Code   RO         1799    .ARM.Collect$$rtexit$$00000000  c_w.l(rtexit.o)
    0x0800023c   0x0800023c   0x00000000   Code   RO         1855    .ARM.Collect$$rtexit$$00000002  c_w.l(rtexit2.o)
    0x0800023c   0x0800023c   0x00000004   Code   RO         1856    .ARM.Collect$$rtexit$$00000003  c_w.l(rtexit2.o)
    0x08000240   0x08000240   0x00000006   Code   RO         1857    .ARM.Collect$$rtexit$$00000004  c_w.l(rtexit2.o)
    0x08000246   0x08000246   0x00000002   PAD
    0x08000248   0x08000248   0x00000040   Code   RO         1616  * .text               startup_stm32f407xx.o
    0x08000288   0x08000288   0x00000006   Code   RO         1661    .text               c_w.l(heapauxi.o)
    0x0800028e   0x0800028e   0x00000016   Code   RO         1722    .text               c_w.l(_rserrno.o)
    0x080002a4   0x080002a4   0x00000008   Code   RO         1778    .text               c_w.l(rt_errno_addr_intlibspace.o)
    0x080002ac   0x080002ac   0x00000008   Code   RO         1782    .text               c_w.l(libspace.o)
    0x080002b4   0x080002b4   0x0000004a   Code   RO         1785    .text               c_w.l(sys_stackheap_outer.o)
    0x080002fe   0x080002fe   0x00000012   Code   RO         1787    .text               c_w.l(exit.o)
    0x08000310   0x08000310   0x0000000c   Code   RO         1852    .text               c_w.l(sys_exit.o)
    0x0800031c   0x0800031c   0x00000002   Code   RO         1871    .text               c_w.l(use_no_semi.o)
    0x0800031e   0x0800031e   0x00000000   Code   RO         1873    .text               c_w.l(indicate_semi.o)
    0x0800031e   0x0800031e   0x00000002   PAD
    0x08000320   0x08000320   0x00000098   Code   RO            4    i.ButterworthFilter  main.o
    0x080003b8   0x080003b8   0x000001d8   Code   RO            5    i.GPIO_Config       main.o
    0x08000590   0x08000590   0x0000000c   Code   RO          297    i.HAL_GetTick       stm32f4xx_hal.o
    0x0800059c   0x0800059c   0x000001b8   Code   RO          835    i.HAL_I2C_Init      stm32f4xx_hal_i2c.o
    0x08000754   0x08000754   0x000002f8   Code   RO          841    i.HAL_I2C_Master_Receive  stm32f4xx_hal_i2c.o
    0x08000a4c   0x08000a4c   0x00000170   Code   RO          848    i.HAL_I2C_Master_Transmit  stm32f4xx_hal_i2c.o
    0x08000bbc   0x08000bbc   0x00000002   Code   RO          860    i.HAL_I2C_MspInit   stm32f4xx_hal_i2c.o
    0x08000bbe   0x08000bbe   0x00000002   PAD
    0x08000bc0   0x08000bc0   0x00000018   Code   RO          303    i.HAL_IncTick       stm32f4xx_hal.o
    0x08000bd8   0x08000bd8   0x00000030   Code   RO          304    i.HAL_Init          stm32f4xx_hal.o
    0x08000c08   0x08000c08   0x0000004c   Code   RO          305    i.HAL_InitTick      stm32f4xx_hal.o
    0x08000c54   0x08000c54   0x00000002   Code   RO          307    i.HAL_MspInit       stm32f4xx_hal.o
    0x08000c56   0x08000c56   0x0000007c   Code   RO          482    i.HAL_NVIC_SetPriority  stm32f4xx_hal_cortex.o
    0x08000cd2   0x08000cd2   0x00000002   PAD
    0x08000cd4   0x08000cd4   0x00000028   Code   RO          483    i.HAL_NVIC_SetPriorityGrouping  stm32f4xx_hal_cortex.o
    0x08000cfc   0x08000cfc   0x0000000c   Code   RO         1466    i.HAL_RCC_GetHCLKFreq  stm32f4xx_hal_rcc.o
    0x08000d08   0x08000d08   0x00000020   Code   RO         1468    i.HAL_RCC_GetPCLK1Freq  stm32f4xx_hal_rcc.o
    0x08000d28   0x08000d28   0x00000028   Code   RO          485    i.HAL_SYSTICK_CLKSourceConfig  stm32f4xx_hal_cortex.o
    0x08000d50   0x08000d50   0x00000002   Code   RO          486    i.HAL_SYSTICK_Callback  stm32f4xx_hal_cortex.o
    0x08000d52   0x08000d52   0x00000034   Code   RO          487    i.HAL_SYSTICK_Config  stm32f4xx_hal_cortex.o
    0x08000d86   0x08000d86   0x00000008   Code   RO          488    i.HAL_SYSTICK_IRQHandler  stm32f4xx_hal_cortex.o
    0x08000d8e   0x08000d8e   0x00000002   PAD
    0x08000d90   0x08000d90   0x0000005c   Code   RO            6    i.I2C1_Config       main.o
    0x08000dec   0x08000dec   0x0000005c   Code   RO            7    i.I2C2_Config       main.o
    0x08000e48   0x08000e48   0x0000003e   Code   RO          878    i.I2C_IsAcknowledgeFailed  stm32f4xx_hal_i2c.o
    0x08000e86   0x08000e86   0x00000002   PAD
    0x08000e88   0x08000e88   0x00000110   Code   RO          881    i.I2C_MasterRequestRead  stm32f4xx_hal_i2c.o
    0x08000f98   0x08000f98   0x000000ac   Code   RO          882    i.I2C_MasterRequestWrite  stm32f4xx_hal_i2c.o
    0x08001044   0x08001044   0x0000005c   Code   RO          897    i.I2C_WaitOnBTFFlagUntilTimeout  stm32f4xx_hal_i2c.o
    0x080010a0   0x080010a0   0x00000086   Code   RO          898    i.I2C_WaitOnFlagUntilTimeout  stm32f4xx_hal_i2c.o
    0x08001126   0x08001126   0x000000c4   Code   RO          899    i.I2C_WaitOnMasterAddressFlagUntilTimeout  stm32f4xx_hal_i2c.o
    0x080011ea   0x080011ea   0x00000080   Code   RO          900    i.I2C_WaitOnRXNEFlagUntilTimeout  stm32f4xx_hal_i2c.o
    0x0800126a   0x0800126a   0x0000005c   Code   RO          902    i.I2C_WaitOnTXEFlagUntilTimeout  stm32f4xx_hal_i2c.o
    0x080012c6   0x080012c6   0x00000002   PAD
    0x080012c8   0x080012c8   0x00000110   Code   RO            8    i.IMU_Calc          main.o
    0x080013d8   0x080013d8   0x0000003c   Code   RO            9    i.IMU_Check         main.o
    0x08001414   0x08001414   0x00000090   Code   RO           10    i.IMU_Config        main.o
    0x080014a4   0x080014a4   0x00000110   Code   RO           11    i.IMU_Read          main.o
    0x080015b4   0x080015b4   0x0000024c   Code   RO           12    i.IMU_Steps         main.o
    0x08001800   0x08001800   0x000000d0   Code   RO           13    i.IR_DC_removal     main.o
    0x080018d0   0x080018d0   0x00000090   Code   RO           14    i.OXIMETER_READ_SAMPLE  main.o
    0x08001960   0x08001960   0x00000030   Code   RO           15    i.OXI_Check         main.o
    0x08001990   0x08001990   0x00000028   Code   RO           16    i.OXI_FIFO_Clear    main.o
    0x080019b8   0x080019b8   0x00000018   Code   RO           17    i.OXI_IR_DSP        main.o
    0x080019d0   0x080019d0   0x000000a4   Code   RO           18    i.OXI_MODE_Config   main.o
    0x08001a74   0x08001a74   0x000002b8   Code   RO           19    i.OXI_PEAKS         main.o
    0x08001d2c   0x08001d2c   0x0000000c   Code   RO           20    i.OXI_R_DSP         main.o
    0x08001d38   0x08001d38   0x000000d4   Code   RO           21    i.OXI_calc          main.o
    0x08001e0c   0x08001e0c   0x000001a0   Code   RO           22    i.R_Calc            main.o
    0x08001fac   0x08001fac   0x0000008c   Code   RO           23    i.R_DC_Removal      main.o
    0x08002038   0x08002038   0x00000028   Code   RO           25    i.SER_PutChar       main.o
    0x08002060   0x08002060   0x0000001c   Code   RO           26    i.SysTick_Handler   main.o
    0x0800207c   0x0800207c   0x00000064   Code   RO         1624    i.SystemInit        system_stm32f4xx.o
    0x080020e0   0x080020e0   0x00000070   Code   RO           27    i.UART4_IRQHandler  main.o
    0x08002150   0x08002150   0x00000010   Code   RO          489    i.__NVIC_GetPriorityGrouping  stm32f4xx_hal_cortex.o
    0x08002160   0x08002160   0x00000028   Code   RO          490    i.__NVIC_SetPriority  stm32f4xx_hal_cortex.o
    0x08002188   0x08002188   0x000003c4   Code   RO         1691    i.__hardfp_log      m_wm.l(log.o)
    0x0800254c   0x0800254c   0x0000007a   Code   RO         1705    i.__hardfp_sqrt     m_wm.l(sqrt.o)
    0x080025c6   0x080025c6   0x000000f8   Code   RO         1755    i.__kernel_poly     m_wm.l(poly.o)
    0x080026be   0x080026be   0x00000002   PAD
    0x080026c0   0x080026c0   0x00000030   Code   RO         1741    i.__mathlib_dbl_divzero  m_wm.l(dunder.o)
    0x080026f0   0x080026f0   0x00000014   Code   RO         1742    i.__mathlib_dbl_infnan  m_wm.l(dunder.o)
    0x08002704   0x08002704   0x00000004   PAD
    0x08002708   0x08002708   0x00000020   Code   RO         1744    i.__mathlib_dbl_invalid  m_wm.l(dunder.o)
    0x08002728   0x08002728   0x0000004c   Code   RO           28    i.main              main.o
    0x08002774   0x08002774   0x0000005c   Code   RO           29    i.meanfilter        main.o
    0x080027d0   0x080027d0   0x00000010   Code   RO           30    i.oxi_setup         main.o
    0x080027e0   0x080027e0   0x00000018   Code   RO         1724    x$fpl$basic         fz_wm.l(basic.o)
    0x080027f8   0x080027f8   0x00000062   Code   RO         1665    x$fpl$d2f           fz_wm.l(d2f.o)
    0x0800285a   0x0800285a   0x00000002   PAD
    0x0800285c   0x0800285c   0x00000150   Code   RO         1667    x$fpl$dadd          fz_wm.l(daddsub_clz.o)
    0x080029ac   0x080029ac   0x00000018   Code   RO         1780    x$fpl$dcmpinf       fz_wm.l(dcmpi.o)
    0x080029c4   0x080029c4   0x000002b0   Code   RO         1674    x$fpl$ddiv          fz_wm.l(ddiv.o)
    0x08002c74   0x08002c74   0x00000078   Code   RO         1726    x$fpl$deqf          fz_wm.l(deqf.o)
    0x08002cec   0x08002cec   0x0000005e   Code   RO         1677    x$fpl$dfix          fz_wm.l(dfix.o)
    0x08002d4a   0x08002d4a   0x0000002e   Code   RO         1682    x$fpl$dflt          fz_wm.l(dflt_clz.o)
    0x08002d78   0x08002d78   0x00000026   Code   RO         1681    x$fpl$dfltu         fz_wm.l(dflt_clz.o)
    0x08002d9e   0x08002d9e   0x00000002   PAD
    0x08002da0   0x08002da0   0x00000154   Code   RO         1687    x$fpl$dmul          fz_wm.l(dmul.o)
    0x08002ef4   0x08002ef4   0x0000009c   Code   RO         1730    x$fpl$dnaninf       fz_wm.l(dnaninf.o)
    0x08002f90   0x08002f90   0x0000000c   Code   RO         1732    x$fpl$dretinf       fz_wm.l(dretinf.o)
    0x08002f9c   0x08002f9c   0x00000016   Code   RO         1668    x$fpl$drsb          fz_wm.l(daddsub_clz.o)
    0x08002fb2   0x08002fb2   0x00000002   PAD
    0x08002fb4   0x08002fb4   0x00000198   Code   RO         1734    x$fpl$dsqrt         fz_wm.l(dsqrt_umaal.o)
    0x0800314c   0x0800314c   0x000001d4   Code   RO         1669    x$fpl$dsub          fz_wm.l(daddsub_clz.o)
    0x08003320   0x08003320   0x00000056   Code   RO         1689    x$fpl$f2d           fz_wm.l(f2d.o)
    0x08003376   0x08003376   0x0000008c   Code   RO         1736    x$fpl$fnaninf       fz_wm.l(fnaninf.o)
    0x08003402   0x08003402   0x0000000a   Code   RO         1867    x$fpl$fpinit        fz_wm.l(fpinit.o)
    0x0800340c   0x0800340c   0x0000000a   Code   RO         1738    x$fpl$fretinf       fz_wm.l(fretinf.o)
    0x08003416   0x08003416   0x00000000   Code   RO         1740    x$fpl$usenofp       fz_wm.l(usenofp.o)
    0x08003416   0x08003416   0x00000018   Data   RO         1625    .constdata          system_stm32f4xx.o
    0x0800342e   0x0800342e   0x00000002   PAD
    0x08003430   0x08003430   0x00000038   Data   RO         1694    .constdata          m_wm.l(log.o)
    0x08003468   0x08003468   0x00000008   Data   RO         1757    .constdata          m_wm.l(qnan.o)
    0x08003470   0x08003470   0x00000020   Data   RO         1923    Region$$Table       anon$$obj.o


    Execution Region ER_RW (Exec base: 0x20000000, Load base: 0x08003490, Size: 0x00000150, Max: 0xffffffff, ABSOLUTE, COMPRESSED[0x0000002c])

    Exec Addr    Load Addr    Size         Type   Attr      Idx    E Section Name        Object

    0x20000000   COMPRESSED   0x00000140   Data   RW           32    .data               main.o
    0x20000140   COMPRESSED   0x00000009   Data   RW          311    .data               stm32f4xx_hal.o
    0x20000149   COMPRESSED   0x00000003   PAD
    0x2000014c   COMPRESSED   0x00000004   Data   RW         1626    .data               system_stm32f4xx.o


    Execution Region ER_ZI (Exec base: 0x20000150, Load base: 0x080034bc, Size: 0x00000770, Max: 0xffffffff, ABSOLUTE)

    Exec Addr    Load Addr    Size         Type   Attr      Idx    E Section Name        Object

    0x20000150        -       0x0000010c   Zero   RW           31    .bss                main.o
    0x2000025c        -       0x00000060   Zero   RW         1783    .bss                c_w.l(libspace.o)
    0x200002bc   0x080034bc   0x00000004   PAD
    0x200002c0        -       0x00000200   Zero   RW         1614    HEAP                startup_stm32f407xx.o
    0x200004c0        -       0x00000400   Zero   RW         1613    STACK               startup_stm32f407xx.o


==============================================================================

Image component sizes


      Code (inc. data)   RO Data    RW Data    ZI Data      Debug   Object Name

      4612        632          0        320        268     617705   main.o
        64         26        392          0       1536        960   startup_stm32f407xx.o
       162         30          0          9          0       5227   stm32f4xx_hal.o
       322         22          0          0          0      36372   stm32f4xx_hal_cortex.o
      2718         48          0          0          0      13392   stm32f4xx_hal_i2c.o
        44         16          0          0          0       1341   stm32f4xx_hal_rcc.o
       100         18         24          4          0       1795   system_stm32f4xx.o

    ----------------------------------------------------------------------
      8032        792        450        336       1804     676792   Object Totals
         0          0         32          0          0          0   (incl. Generated)
        10          0          2          3          0          0   (incl. Padding)

    ----------------------------------------------------------------------

      Code (inc. data)   RO Data    RW Data    ZI Data      Debug   Library Member Name

        58          0          0          0          0          0   __dczerorl.o
         8          0          0          0          0         68   __main.o
         0          0          0          0          0          0   __rtentry.o
        12          0          0          0          0          0   __rtentry2.o
         6          0          0          0          0          0   __rtentry4.o
        52          8          0          0          0          0   __scatter.o
        28          0          0          0          0          0   __scatter_zi.o
        22          0          0          0          0        100   _rserrno.o
        18          0          0          0          0         80   exit.o
         6          0          0          0          0        152   heapauxi.o
         0          0          0          0          0          0   indicate_semi.o
         2          0          0          0          0          0   libinit.o
         6          0          0          0          0          0   libinit2.o
         2          0          0          0          0          0   libshutdown.o
         2          0          0          0          0          0   libshutdown2.o
         8          4          0          0         96         68   libspace.o
         8          4          0          0          0         68   rt_errno_addr_intlibspace.o
         2          0          0          0          0          0   rtexit.o
        10          0          0          0          0          0   rtexit2.o
        12          4          0          0          0         68   sys_exit.o
        74          0          0          0          0         80   sys_stackheap_outer.o
         2          0          0          0          0         68   use_no_semi.o
        24          0          0          0          0        164   basic.o
        98          4          0          0          0        140   d2f.o
       826         16          0          0          0        492   daddsub_clz.o
        24          0          0          0          0        116   dcmpi.o
       688        140          0          0          0        256   ddiv.o
       120          4          0          0          0        140   deqf.o
        94          4          0          0          0        140   dfix.o
        84          0          0          0          0        232   dflt_clz.o
       340         12          0          0          0        152   dmul.o
       156          4          0          0          0        140   dnaninf.o
        12          0          0          0          0        116   dretinf.o
       408         56          0          0          0        168   dsqrt_umaal.o
        86          4          0          0          0        132   f2d.o
       140          4          0          0          0        132   fnaninf.o
        10          0          0          0          0        116   fpinit.o
        10          0          0          0          0        116   fretinf.o
         0          0          0          0          0          0   usenofp.o
       100         28          0          0          0        372   dunder.o
       964         92         56          0          0        316   log.o
       248          0          0          0          0        152   poly.o
         0          0          8          0          0          0   qnan.o
       122          0          0          0          0        148   sqrt.o

    ----------------------------------------------------------------------
      4910        388         64          0        100       4492   Library Totals
        18          0          0          0          4          0   (incl. Padding)

    ----------------------------------------------------------------------

      Code (inc. data)   RO Data    RW Data    ZI Data      Debug   Library Name

       338         20          0          0         96        752   c_w.l
      3120        248          0          0          0       2752   fz_wm.l
      1434        120         64          0          0        988   m_wm.l

    ----------------------------------------------------------------------
      4910        388         64          0        100       4492   Library Totals

    ----------------------------------------------------------------------

==============================================================================


      Code (inc. data)   RO Data    RW Data    ZI Data      Debug   

     12942       1180        514        336       1904     673924   Grand Totals
     12942       1180        514         44       1904     673924   ELF Image Totals (compressed)
     12942       1180        514         44          0          0   ROM Totals

==============================================================================

    Total RO  Size (Code + RO Data)                13456 (  13.14kB)
    Total RW  Size (RW Data + ZI Data)              2240 (   2.19kB)
    Total ROM Size (Code + RO Data + RW Data)      13500 (  13.18kB)

==============================================================================

